Archive member included because of file (symbol)

contiki-sky.a(contiki-sky-pla)
                              obj_sky/contiki-sky-main.o (init_platform)
contiki-sky.a(button-sensor.o)
                              contiki-sky.a(contiki-sky-pla) (button_sensor)
contiki-sky.a(ds2411.o)       obj_sky/contiki-sky-main.o (ds2411_init)
contiki-sky.a(xmem.o)         obj_sky/contiki-sky-main.o (xmem_init)
contiki-sky.a(node-id.o)      obj_sky/contiki-sky-main.o (node_id_restore)
contiki-sky.a(sensors.o)      contiki-sky.a(button-sensor.o) (sensors_changed)
contiki-sky.a(cc2420.o)       obj_sky/contiki-sky-main.o (cc2420_set_pan_addr)
contiki-sky.a(cc2420-arch.o)  contiki-sky.a(cc2420.o) (cc2420_arch_init)
contiki-sky.a(uart1.o)        obj_sky/contiki-sky-main.o (uart1_active)
contiki-sky.a(uart1-putchar.o)
                              obj_sky/contiki-sky-main.o (putchar)
contiki-sky.a(msp430.o)       contiki-sky.a(uart1.o) (msp430_add_lpm_req)
contiki-sky.a(clock.o)        obj_sky/contiki-sky-main.o (clock_init)
contiki-sky.a(leds.o)         obj_sky/contiki-sky-main.o (leds_init)
contiki-sky.a(leds-arch.o)    contiki-sky.a(leds.o) (leds_arch_init)
contiki-sky.a(watchdog.o)     obj_sky/contiki-sky-main.o (watchdog_start)
contiki-sky.a(rtimer-arch.o)  obj_sky/contiki-sky-main.o (rtimer_arch_now)
contiki-sky.a(autostart.o)    obj_sky/contiki-sky-main.o (autostart_start)
contiki-sky.a(ctimer.o)       obj_sky/contiki-sky-main.o (ctimer_init)
contiki-sky.a(energest.o)     obj_sky/contiki-sky-main.o (energest_init)
contiki-sky.a(etimer.o)       contiki-sky.a(clock.o) (etimer_request_poll)
contiki-sky.a(process.o)      contiki-sky.a(ctimer.o) (process_current)
contiki-sky.a(rtimer.o)       obj_sky/contiki-sky-main.o (rtimer_init)
contiki-sky.a(timer.o)        obj_sky/contiki-sky-main.o (timer_set)
contiki-sky.a(serial-line.o)  obj_sky/contiki-sky-main.o (serial_line_input_byte)
contiki-sky.a(list.o)         contiki-sky.a(ctimer.o) (list_init)
contiki-sky.a(random.o)       obj_sky/contiki-sky-main.o (random_init)
contiki-sky.a(ringbuf.o)      contiki-sky.a(serial-line.o) (ringbuf_init)
contiki-sky.a(rime.o)         obj_sky/contiki-sky-main.o (rime_driver)
contiki-sky.a(csma.o)         obj_sky/contiki-sky-main.o (csma_driver)
contiki-sky.a(mac.o)          contiki-sky.a(csma.o) (mac_call_sent_callback)
contiki-sky.a(linkaddr.o)     obj_sky/contiki-sky-main.o (linkaddr_copy)
contiki-sky.a(packetbuf.o)    contiki-sky.a(rime.o) (packetbuf_compact)
contiki-sky.a(queuebuf.o)     contiki-sky.a(rime.o) (queuebuf_init)
contiki-sky.a(contikimac.o)   obj_sky/contiki-sky-main.o (contikimac_driver)
contiki-sky.a(contikimac-fram)
                              contiki-sky.a(contikimac.o) (contikimac_framer)
contiki-sky.a(nullsec.o)      obj_sky/contiki-sky-main.o (nullsec_driver)
contiki-sky.a(spi.o)          contiki-sky.a(xmem.o) (spi_init)
contiki-sky.a(compower.o)     contiki-sky.a(contikimac.o) (compower_accumulate)
contiki-sky.a(memb.o)         contiki-sky.a(csma.o) (memb_init)
contiki-sky.a(abc.o)          contiki-sky.a(rime.o) (abc_input)
contiki-sky.a(announcement.o)
                              contiki-sky.a(rime.o) (announcement_init)
contiki-sky.a(broadcast-annou)
                              contiki-sky.a(rime.o) (broadcast_announcement_init)
contiki-sky.a(broadcast.o)    contiki-sky.a(broadcast-annou) (broadcast_open)
contiki-sky.a(chameleon.o)    contiki-sky.a(rime.o) (chameleon_init)
contiki-sky.a(channel.o)      contiki-sky.a(chameleon.o) (channel_init)
contiki-sky.a(framer-802154.o)
                              contiki-sky.a(contikimac-fram) (framer_802154)
contiki-sky.a(mac-sequence.o)
                              contiki-sky.a(contikimac.o) (mac_sequence_is_duplicate)
contiki-sky.a(chameleon-bitop)
                              contiki-sky.a(chameleon.o) (chameleon_bitopt)
contiki-sky.a(frame802154.o)  contiki-sky.a(framer-802154.o) (frame802154_hdrlen)
/usr/lib/gcc/msp430/4.6.3/mmpy-16/libgcc.a(_mulsi3.o)
                              contiki-sky.a(csma.o) (__mulsi3)
/usr/lib/gcc/msp430/4.6.3/mmpy-16/libgcc.a(_udivmod32.o)
                              obj_sky/contiki-sky-main.o (__udivsi3)
/usr/lib/gcc/msp430/4.6.3/../../../../msp430/lib/mmpy-16/libc.a(strncmp.o)
                              contiki-sky.a(sensors.o) (strncmp)
/usr/lib/gcc/msp430/4.6.3/../../../../msp430/lib/mmpy-16/libc.a(memcmp.o)
                              contiki-sky.a(linkaddr.o) (memcmp)
/usr/lib/gcc/msp430/4.6.3/../../../../msp430/lib/mmpy-16/libc.a(memcpy.o)
                              contiki-sky.a(packetbuf.o) (memcpy)
/usr/lib/gcc/msp430/4.6.3/../../../../msp430/lib/mmpy-16/libc.a(memset.o)
                              obj_sky/contiki-sky-main.o (memset)
/usr/lib/gcc/msp430/4.6.3/../../../../msp430/lib/mmpy-16/libc.a(printf.o)
                              obj_sky/contiki-sky-main.o (printf)
/usr/lib/gcc/msp430/4.6.3/../../../../msp430/lib/mmpy-16/libc.a(vuprintf.o)
[...]
Memory Configuration

Name             Origin             Length             Attributes
sfr              0x0000000000000000 0x0000000000000010
peripheral_8bit  0x0000000000000010 0x00000000000000f0
peripheral_16bit 0x0000000000000100 0x0000000000000100
ram_mirror       0x0000000000000200 0x0000000000000800 xw
infomem          0x0000000000001000 0x0000000000000100
infob            0x0000000000001000 0x0000000000000080
infoa            0x0000000000001080 0x0000000000000080
ram              0x0000000000001100 0x0000000000002800 xw
rom              0x0000000000004000 0x000000000000bfe0 xr
vectors          0x000000000000ffe0 0x0000000000000020
bsl              0x0000000000000000 0x0000000000000000
infoc            0x0000000000000000 0x0000000000000000
infod            0x0000000000000000 0x0000000000000000
ram2             0x0000000000000000 0x0000000000000000 xw
usbram           0x0000000000000000 0x0000000000000000 xw
far_rom          0x0000000000000000 0x0000000000000000
*default*        0x0000000000000000 0xffffffffffffffff

Linker script and memory map

LOAD /usr/lib/gcc/msp430/4.6.3/mmpy-16/crt0ivtbl16.o
LOAD hello-world.co
LOAD obj_sky/contiki-sky-main.o
LOAD contiki-sky.a
LOAD /usr/lib/gcc/msp430/4.6.3/mmpy-16/libgcc.a
LOAD /usr/lib/gcc/msp430/4.6.3/../../../../msp430/lib/mmpy-16/libc.a
LOAD /usr/lib/gcc/msp430/4.6.3/mmpy-16/libgcc.a
LOAD /usr/lib/gcc/msp430/4.6.3/mmpy-16/libcrt0.a
                0x0000000000000080                PROVIDE (__info_segment_size, 0x80)
                0x0000000000001000                PROVIDE (__infob, 0x1000)
                0x0000000000001080                PROVIDE (__infoa, 0x1080)
                0x0000000000000000                __IE1 = 0x0
                0x0000000000000002                __IFG1 = 0x2
                0x0000000000000004                __ME1 = 0x4
                0x0000000000000001                __IE2 = 0x1
                0x0000000000000003                __IFG2 = 0x3
                0x0000000000000005                __ME2 = 0x5
                0x0000000000000120                __WDTCTL = 0x120
                0x0000000000000130                __MPY = 0x130
                0x0000000000000132                __MPYS = 0x132
                0x0000000000000134                __MAC = 0x134
                0x0000000000000136                __MACS = 0x136
                0x0000000000000138                __OP2 = 0x138
                0x000000000000013a                __RESLO = 0x13a
                0x000000000000013c                __RESHI = 0x13c
                0x000000000000013e                __SUMEXT = 0x13e
                0x0000000000000020                __P1IN = 0x20
                0x0000000000000021                __P1OUT = 0x21
                0x0000000000000022                __P1DIR = 0x22
                0x0000000000000023                __P1IFG = 0x23
                0x0000000000000024                __P1IES = 0x24
                0x0000000000000025                __P1IE = 0x25
                0x0000000000000026                __P1SEL = 0x26
                0x0000000000000028                __P2IN = 0x28
                0x0000000000000029                __P2OUT = 0x29
                0x000000000000002a                __P2DIR = 0x2a
                0x000000000000002b                __P2IFG = 0x2b
                0x000000000000002c                __P2IES = 0x2c
                0x000000000000002d                __P2IE = 0x2d
                0x000000000000002e                __P2SEL = 0x2e
                0x0000000000000018                __P3IN = 0x18
                0x0000000000000019                __P3OUT = 0x19
                0x000000000000001a                __P3DIR = 0x1a
                0x000000000000001b                __P3SEL = 0x1b
                0x000000000000001c                __P4IN = 0x1c
                0x000000000000001d                __P4OUT = 0x1d
                0x000000000000001e                __P4DIR = 0x1e
                0x000000000000001f                __P4SEL = 0x1f
                0x0000000000000030                __P5IN = 0x30
                0x0000000000000031                __P5OUT = 0x31
                0x0000000000000032                __P5DIR = 0x32
                0x0000000000000033                __P5SEL = 0x33
                0x0000000000000034                __P6IN = 0x34
                0x0000000000000035                __P6OUT = 0x35
                0x0000000000000036                __P6DIR = 0x36
                0x0000000000000037                __P6SEL = 0x37
                0x0000000000000070                __U0CTL = 0x70
                0x0000000000000071                __U0TCTL = 0x71
                0x0000000000000072                __U0RCTL = 0x72
                0x0000000000000073                __U0MCTL = 0x73
                0x0000000000000074                __U0BR0 = 0x74
                0x0000000000000075                __U0BR1 = 0x75
                0x0000000000000076                __U0RXBUF = 0x76
                0x0000000000000077                __U0TXBUF = 0x77
                0x0000000000000078                __U1CTL = 0x78
                0x0000000000000079                __U1TCTL = 0x79
                0x000000000000007a                __U1RCTL = 0x7a
                0x000000000000007b                __U1MCTL = 0x7b
                0x000000000000007c                __U1BR0 = 0x7c
                0x000000000000007d                __U1BR1 = 0x7d
                0x000000000000007e                __U1RXBUF = 0x7e
                0x000000000000007f                __U1TXBUF = 0x7f
                0x0000000000000050                __I2CIE = 0x50
                0x0000000000000051                __I2CIFG = 0x51
                0x0000000000000052                __I2CNDAT = 0x52
                0x0000000000000071                __I2CTCTL = 0x71
                0x0000000000000072                __I2CDCTL = 0x72
                0x0000000000000073                __I2CPSC = 0x73
                0x0000000000000074                __I2CSCLH = 0x74
                0x0000000000000075                __I2CSCLL = 0x75
                0x0000000000000076                __I2CDRB = 0x76
                0x0000000000000076                __I2CDRW = 0x76
                0x0000000000000118                __I2COA = 0x118
                0x000000000000011a                __I2CSA = 0x11a
                0x000000000000011c                __I2CIV = 0x11c
                0x000000000000012e                __TAIV = 0x12e
                0x0000000000000160                __TACTL = 0x160
                0x0000000000000162                __TACCTL0 = 0x162
                0x0000000000000164                __TACCTL1 = 0x164
                0x0000000000000166                __TACCTL2 = 0x166
                0x0000000000000170                __TAR = 0x170
                0x0000000000000172                __TACCR0 = 0x172
                0x0000000000000174                __TACCR1 = 0x174
                0x0000000000000176                __TACCR2 = 0x176
                0x000000000000011e                __TBIV = 0x11e
                0x0000000000000180                __TBCTL = 0x180
                0x0000000000000182                __TBCCTL0 = 0x182
                0x0000000000000184                __TBCCTL1 = 0x184
                0x0000000000000186                __TBCCTL2 = 0x186
                0x0000000000000188                __TBCCTL3 = 0x188
                0x000000000000018a                __TBCCTL4 = 0x18a
                0x000000000000018c                __TBCCTL5 = 0x18c
                0x000000000000018e                __TBCCTL6 = 0x18e
                0x0000000000000190                __TBR = 0x190
                0x0000000000000192                __TBCCR0 = 0x192
                0x0000000000000194                __TBCCR1 = 0x194
                0x0000000000000196                __TBCCR2 = 0x196
                0x0000000000000198                __TBCCR3 = 0x198
                0x000000000000019a                __TBCCR4 = 0x19a
                0x000000000000019c                __TBCCR5 = 0x19c
                0x000000000000019e                __TBCCR6 = 0x19e
                0x0000000000000056                __DCOCTL = 0x56
                0x0000000000000057                __BCSCTL1 = 0x57
                0x0000000000000058                __BCSCTL2 = 0x58
                0x0000000000000055                __SVSCTL = 0x55
                0x0000000000000128                __FCTL1 = 0x128
                0x000000000000012a                __FCTL2 = 0x12a
                0x000000000000012c                __FCTL3 = 0x12c
                0x0000000000000059                __CACTL1 = 0x59
                0x000000000000005a                __CACTL2 = 0x5a
                0x000000000000005b                __CAPD = 0x5b
                0x00000000000001a0                __ADC12CTL0 = 0x1a0
                0x00000000000001a2                __ADC12CTL1 = 0x1a2
                0x00000000000001a4                __ADC12IFG = 0x1a4
                0x00000000000001a6                __ADC12IE = 0x1a6
                0x00000000000001a8                __ADC12IV = 0x1a8
                0x0000000000000140                __ADC12MEM0 = 0x140
                0x0000000000000142                __ADC12MEM1 = 0x142
                0x0000000000000144                __ADC12MEM2 = 0x144
                0x0000000000000146                __ADC12MEM3 = 0x146
                0x0000000000000148                __ADC12MEM4 = 0x148
                0x000000000000014a                __ADC12MEM5 = 0x14a
                0x000000000000014c                __ADC12MEM6 = 0x14c
                0x000000000000014e                __ADC12MEM7 = 0x14e
                0x0000000000000150                __ADC12MEM8 = 0x150
                0x0000000000000152                __ADC12MEM9 = 0x152
                0x0000000000000154                __ADC12MEM10 = 0x154
                0x0000000000000156                __ADC12MEM11 = 0x156
                0x0000000000000158                __ADC12MEM12 = 0x158
                0x000000000000015a                __ADC12MEM13 = 0x15a
                0x000000000000015c                __ADC12MEM14 = 0x15c
                0x000000000000015e                __ADC12MEM15 = 0x15e
                0x0000000000000080                __ADC12MCTL0 = 0x80
                0x0000000000000081                __ADC12MCTL1 = 0x81
                0x0000000000000082                __ADC12MCTL2 = 0x82
                0x0000000000000083                __ADC12MCTL3 = 0x83
                0x0000000000000084                __ADC12MCTL4 = 0x84
                0x0000000000000085                __ADC12MCTL5 = 0x85
                0x0000000000000086                __ADC12MCTL6 = 0x86
                0x0000000000000087                __ADC12MCTL7 = 0x87
                0x0000000000000088                __ADC12MCTL8 = 0x88
                0x0000000000000089                __ADC12MCTL9 = 0x89
                0x000000000000008a                __ADC12MCTL10 = 0x8a
                0x000000000000008b                __ADC12MCTL11 = 0x8b
                0x000000000000008c                __ADC12MCTL12 = 0x8c
                0x000000000000008d                __ADC12MCTL13 = 0x8d
                0x000000000000008e                __ADC12MCTL14 = 0x8e
                0x000000000000008f                __ADC12MCTL15 = 0x8f
                0x00000000000001c0                __DAC12_0CTL = 0x1c0
                0x00000000000001c2                __DAC12_1CTL = 0x1c2
                0x00000000000001c8                __DAC12_0DAT = 0x1c8
                0x00000000000001ca                __DAC12_1DAT = 0x1ca
                0x0000000000000122                __DMACTL0 = 0x122
                0x0000000000000124                __DMACTL1 = 0x124
                0x00000000000001e0                __DMA0CTL = 0x1e0
                0x00000000000001e8                __DMA1CTL = 0x1e8
                0x00000000000001f0                __DMA2CTL = 0x1f0
                0x00000000000001e2                __DMA0SA = 0x1e2
                0x00000000000001e4                __DMA0DA = 0x1e4
                0x00000000000001e6                __DMA0SZ = 0x1e6
                0x00000000000001ea                __DMA1SA = 0x1ea
                0x00000000000001ec                __DMA1DA = 0x1ec
                0x00000000000001ee                __DMA1SZ = 0x1ee
                0x00000000000001f2                __DMA2SA = 0x1f2
                0x00000000000001f4                __DMA2DA = 0x1f4
                0x00000000000001f6                __DMA2SZ = 0x1f6

.hash
 *(.hash)

.dynsym
 *(.dynsym)

.dynstr
 *(.dynstr)

.gnu.version
 *(.gnu.version)

.gnu.version_d
 *(.gnu.version_d)

.gnu.version_r
 *(.gnu.version_r)

.rel.init
 *(.rel.init)

.rela.init
 *(.rela.init)

.rel.fini
 *(.rel.fini)

.rela.fini
 *(.rela.fini)

.rel.text
 *(.rel.text .rel.text.* .rel.gnu.linkonce.t.*)

.rela.text
 *(.rela.text .rela.text.* .rela.gnu.linkonce.t.*)

.rel.rodata
 *(.rel.rodata .rel.rodata.* .rel.gnu.linkonce.r.*)

.rela.rodata
 *(.rela.rodata .rela.rodata.* .rela.gnu.linkonce.r.*)

.rel.data
 *(.rel.data .rel.data.* .rel.gnu.linkonce.d.*)

.rela.data
 *(.rela.data .rela.data.* .rela.gnu.linkonce.d.*)

.rel.bss
 *(.rel.bss .rel.bss.* .rel.gnu.linkonce.b.*)

.rela.bss
 *(.rela.bss .rela.bss.* .rela.gnu.linkonce.b.*)

.rel.ctors
 *(.rel.ctors)

.rela.ctors
 *(.rela.ctors)

.rel.dtors
 *(.rel.dtors)

.rela.dtors
 *(.rela.dtors)

.rel.got
 *(.rel.got)

.rela.got
 *(.rela.got)

.rel.plt
 *(.rel.plt)

.rela.plt
 *(.rela.plt)

.text           0x0000000000004000     0x4d08
                0x0000000000004000                . = ALIGN (0x2)
 *(.init .init.*)
 *(.init0)
 .init0         0x0000000000004000        0x0 /usr/lib/gcc/msp430/4.6.3/mmpy-16/libcrt0.a(_reset_vector__.o)
                0x0000000000004000                _reset_vector__
 *(.init1)
 .init1         0x0000000000004000        0xc /usr/lib/gcc/msp430/4.6.3/mmpy-16/libcrt0.a(__watchdog_support.o)
                0x0000000000004000                __watchdog_support
 *(.init2)
 .init2         0x000000000000400c        0x4 /usr/lib/gcc/msp430/4.6.3/mmpy-16/libcrt0.a(__init_stack.o)
                0x000000000000400c                __init_stack
 *(.init3)
 .init3         0x0000000000004010        0x0 /usr/lib/gcc/msp430/4.6.3/mmpy-16/libcrt0.a(__low_level_init.o)
                0x0000000000004010                __low_level_init
 *(.init4)
 .init4         0x0000000000004010       0x18 /usr/lib/gcc/msp430/4.6.3/mmpy-16/libcrt0.a(_copy_data.o)
                0x0000000000004010                __do_copy_data
 .init4         0x0000000000004028       0x16 /usr/lib/gcc/msp430/4.6.3/mmpy-16/libcrt0.a(_clear_bss.o)
                0x0000000000004028                __do_clear_bss
 *(.init5)
 *(.init6)
 *(.init7)
 *(.init8)
 *(.init9)
 .init9         0x000000000000403e      0x2da obj_sky/contiki-sky-main.o
                0x000000000000403e                main
 *(.fini9)
 .fini9         0x0000000000004318        0x0 /usr/lib/gcc/msp430/4.6.3/mmpy-16/libcrt0.a(__stop_progExec__.o)
                0x0000000000004318                __stop_progExec__
 *(.fini8)
 *(.fini7)
 *(.fini6)
 *(.fini5)
 *(.fini4)
 *(.fini3)
 *(.fini2)
 *(.fini1)
 *(.fini0)
 .fini0         0x0000000000004318        0x6 /usr/lib/gcc/msp430/4.6.3/mmpy-16/libcrt0.a(_endless_loop__.o)
                0x0000000000004318                _endless_loop__
 *(.fini .fini.*)
                0x000000000000431e                . = ALIGN (0x2)
                0x000000000000431e                __ctors_start = .
 *(.ctors)
                0x000000000000431e                __ctors_end = .
                0x000000000000431e                __dtors_start = .
 *(.dtors)
                0x000000000000431e                __dtors_end = .
                0x000000000000431e                . = ALIGN (0x2)
 *(.text .text.* .gnu.linkonce.t.*)
 .text          0x000000000000431e        0x4 /usr/lib/gcc/msp430/4.6.3/mmpy-16/crt0ivtbl16.o
                0x000000000000431e                __isr_14
                0x000000000000431e                __isr_11
                0x000000000000431e                __isr_2
                0x000000000000431e                __isr_7
                0x000000000000431e                __isr_0
                0x000000000000431e                __isr_8
                0x000000000000431e                __isr_3
                0x000000000000431e                __isr_12
                0x000000000000431e                __isr_13
                0x000000000000431e                __isr_9
 .text.process_thread_hello_world_process
                0x0000000000004322       0x1e hello-world.co
 .text.init_platform
                0x0000000000004340        0xc contiki-sky.a(contiki-sky-pla)
                0x0000000000004340                init_platform
 .text.status   0x000000000000434c       0x16 contiki-sky.a(button-sensor.o)
 .text.configure
                0x0000000000004362       0x52 contiki-sky.a(button-sensor.o)
 .text.value    0x00000000000043b4       0x22 contiki-sky.a(button-sensor.o)
 .text.irq_p2   0x00000000000043d6       0x8a contiki-sky.a(button-sensor.o)
                0x00000000000043d6                irq_p2
                0x00000000000043d6                __isr_1
 .text.owreadb  0x0000000000004460       0x52 contiki-sky.a(ds2411.o)
 .text.ds2411_init
                0x00000000000044b2      0x122 contiki-sky.a(ds2411.o)
                0x00000000000044b2                ds2411_init
 .text.wait_ready
                0x00000000000045d4       0x50 contiki-sky.a(xmem.o)
 .text.xmem_init
                0x0000000000004624       0x3e contiki-sky.a(xmem.o)
                0x0000000000004624                xmem_init
 .text.xmem_pread
                0x0000000000004662       0xea contiki-sky.a(xmem.o)
                0x0000000000004662                xmem_pread
 .text.node_id_restore
                0x000000000000474c       0x38 contiki-sky.a(node-id.o)
                0x000000000000474c                node_id_restore
 .text.process_thread_sensors_process
                0x0000000000004784       0xbe contiki-sky.a(sensors.o)
 .text.sensors_changed
                0x0000000000004842       0x2a contiki-sky.a(sensors.o)
                0x0000000000004842                sensors_changed
 .text.get_object
                0x000000000000486c        0x4 contiki-sky.a(cc2420.o)
 .text.set_object
                0x0000000000004870        0x4 contiki-sky.a(cc2420.o)
 .text.strobe   0x0000000000004874       0x20 contiki-sky.a(cc2420.o)
 .text.getreg   0x0000000000004894       0x54 contiki-sky.a(cc2420.o)
 .text.setreg   0x00000000000048e8       0x52 contiki-sky.a(cc2420.o)
 .text.write_ram
                0x000000000000493a       0x80 contiki-sky.a(cc2420.o)
 .text.write_fifo_buf
                0x00000000000049ba       0x40 contiki-sky.a(cc2420.o)
 .text.get_status
                0x00000000000049fa       0x24 contiki-sky.a(cc2420.o)
 .text.set_txpower
                0x0000000000004a1e       0x26 contiki-sky.a(cc2420.o)
 .text.cc2420_receiving_packet
                0x0000000000004a44        0xe contiki-sky.a(cc2420.o)
 .text.pending_packet
                0x0000000000004a52        0x8 contiki-sky.a(cc2420.o)
 .text.on       0x0000000000004a5a       0x1e contiki-sky.a(cc2420.o)
 .text.wait_for_transmission
                0x0000000000004a78       0x22 contiki-sky.a(cc2420.o)
 .text.wait_for_status
                0x0000000000004a9a       0x2a contiki-sky.a(cc2420.o)
 .text.getrxdata
                0x0000000000004ac4       0x56 contiki-sky.a(cc2420.o)
 .text.flushrx  0x0000000000004b1a       0x1a contiki-sky.a(cc2420.o)
 .text.off      0x0000000000004b34       0x5a contiki-sky.a(cc2420.o)
 .text.RELEASE_LOCK
                0x0000000000004b8e       0x28 contiki-sky.a(cc2420.o)
 .text.set_key  0x0000000000004bb6       0x18 contiki-sky.a(cc2420.o)
 .text.cc2420_prepare
                0x0000000000004bce       0x3c contiki-sky.a(cc2420.o)
 .text.cc2420_on
                0x0000000000004c0a       0x22 contiki-sky.a(cc2420.o)
                0x0000000000004c0a                cc2420_on
 .text.cc2420_off
                0x0000000000004c2c       0x30 contiki-sky.a(cc2420.o)
                0x0000000000004c2c                cc2420_off
 .text.cc2420_cca
                0x0000000000004c5c       0x5e contiki-sky.a(cc2420.o)
 .text.cc2420_read
                0x0000000000004cba       0xb0 contiki-sky.a(cc2420.o)
 .text.process_thread_cc2420_process
                0x0000000000004d6a       0x50 contiki-sky.a(cc2420.o)
 .text.encrypt  0x0000000000004dba       0x8e contiki-sky.a(cc2420.o)
 .text.cc2420_set_channel
                0x0000000000004e48       0x3c contiki-sky.a(cc2420.o)
                0x0000000000004e48                cc2420_set_channel
 .text.cc2420_set_pan_addr
                0x0000000000004e84       0x4c contiki-sky.a(cc2420.o)
                0x0000000000004e84                cc2420_set_pan_addr
 .text.cc2420_interrupt
                0x0000000000004ed0       0x18 contiki-sky.a(cc2420.o)
                0x0000000000004ed0                cc2420_interrupt
 .text.cc2420_set_txpower
                0x0000000000004ee8        0xe contiki-sky.a(cc2420.o)
                0x0000000000004ee8                cc2420_set_txpower
 .text.cc2420_get_txpower
                0x0000000000004ef6       0x1e contiki-sky.a(cc2420.o)
                0x0000000000004ef6                cc2420_get_txpower
 .text.cc2420_transmit
                0x0000000000004f14      0x12a contiki-sky.a(cc2420.o)
 .text.cc2420_send
                0x000000000000503e       0x12 contiki-sky.a(cc2420.o)
 .text.cc2420_rssi
                0x0000000000005050       0x4c contiki-sky.a(cc2420.o)
                0x0000000000005050                cc2420_rssi
 .text.get_value
                0x000000000000509c       0xac contiki-sky.a(cc2420.o)
 .text.cc2420_set_cca_threshold
                0x0000000000005148       0x16 contiki-sky.a(cc2420.o)
                0x0000000000005148                cc2420_set_cca_threshold
 .text.set_value
                0x000000000000515e       0x8a contiki-sky.a(cc2420.o)
 .text.cc2420_init
                0x00000000000051e8       0xde contiki-sky.a(cc2420.o)
                0x00000000000051e8                cc2420_init
 .text.cc2420_port1_interrupt
                0x00000000000052c6       0x62 contiki-sky.a(cc2420-arch.o)
                0x00000000000052c6                __isr_4
                0x00000000000052c6                cc2420_port1_interrupt
 .text.cc2420_arch_init
                0x0000000000005328       0x1a contiki-sky.a(cc2420-arch.o)
                0x0000000000005328                cc2420_arch_init
 .text.handle_rxdma_timer
                0x0000000000005342       0x3a contiki-sky.a(uart1.o)
 .text.uart1_active
                0x000000000000537c       0x1a contiki-sky.a(uart1.o)
                0x000000000000537c                uart1_active
 .text.uart1_set_input
                0x0000000000005396       0x20 contiki-sky.a(uart1.o)
                0x0000000000005396                uart1_set_input
 .text.uart1_writeb
                0x00000000000053b6       0x1a contiki-sky.a(uart1.o)
                0x00000000000053b6                uart1_writeb
 .text.uart1_init
                0x00000000000053d0       0xf6 contiki-sky.a(uart1.o)
                0x00000000000053d0                uart1_init
 .text.putchar  0x00000000000054c6       0x10 contiki-sky.a(uart1-putchar.o)
                0x00000000000054c6                putchar
 .text.msp430_init_dco
                0x00000000000054d6       0x84 contiki-sky.a(msp430.o)
                0x00000000000054d6                msp430_init_dco
 .text.msp430_add_lpm_req
                0x000000000000555a        0xc contiki-sky.a(msp430.o)
                0x000000000000555a                msp430_add_lpm_req
 .text.msp430_cpu_init
                0x0000000000005566       0x2a contiki-sky.a(msp430.o)
                0x0000000000005566                msp430_cpu_init
 .text.splhigh_
                0x0000000000005590        0x8 contiki-sky.a(msp430.o)
                0x0000000000005590                splhigh_
 .text.msp430_sync_dco
                0x0000000000005598       0x68 contiki-sky.a(msp430.o)
                0x0000000000005598                msp430_sync_dco
 .text.timera1  0x0000000000005600      0x11e contiki-sky.a(clock.o)
                0x0000000000005600                __isr_5
                0x0000000000005600                timera1
 .text.clock_time
                0x000000000000571e       0x1a contiki-sky.a(clock.o)
                0x000000000000571e                clock_time
 .text.clock_init
                0x0000000000005738       0x28 contiki-sky.a(clock.o)
                0x0000000000005738                clock_init
 .text.clock_delay
                0x0000000000005760        0xc contiki-sky.a(clock.o)
                0x0000000000005760                clock_delay
 .text.show_leds
                0x000000000000576c       0xf6 contiki-sky.a(leds.o)
 .text.leds_init
                0x0000000000005862        0xa contiki-sky.a(leds.o)
                0x0000000000005862                leds_init
 .text.leds_on  0x000000000000586c        0xa contiki-sky.a(leds.o)
                0x000000000000586c                leds_on
 .text.leds_off
                0x0000000000005876        0xe contiki-sky.a(leds.o)
                0x0000000000005876                leds_off
 .text.leds_arch_init
                0x0000000000005884        0xe contiki-sky.a(leds-arch.o)
                0x0000000000005884                leds_arch_init
 .text.leds_arch_set
                0x0000000000005892       0x3a contiki-sky.a(leds-arch.o)
                0x0000000000005892                leds_arch_set
 .text.watchdog_interrupt
                0x00000000000058cc        0x6 contiki-sky.a(watchdog.o)
                0x00000000000058cc                __isr_10
                0x00000000000058cc                watchdog_interrupt
 .text.watchdog_start
                0x00000000000058d2       0x14 contiki-sky.a(watchdog.o)
                0x00000000000058d2                watchdog_start
 .text.watchdog_periodic
                0x00000000000058e6       0x12 contiki-sky.a(watchdog.o)
                0x00000000000058e6                watchdog_periodic
 .text.watchdog_stop
                0x00000000000058f8       0x16 contiki-sky.a(watchdog.o)
                0x00000000000058f8                watchdog_stop
 .text.watchdog_init
                0x000000000000590e       0x14 contiki-sky.a(watchdog.o)
                0x000000000000590e                watchdog_init
 .text.rtimer_arch_init
                0x0000000000005922        0xe contiki-sky.a(rtimer-arch.o)
                0x0000000000005922                rtimer_arch_init
 .text.rtimer_arch_now
                0x0000000000005930        0xe contiki-sky.a(rtimer-arch.o)
                0x0000000000005930                rtimer_arch_now
 .text.timera0  0x000000000000593e       0x70 contiki-sky.a(rtimer-arch.o)
                0x000000000000593e                __isr_6
                0x000000000000593e                timera0
 .text.rtimer_arch_schedule
                0x00000000000059ae        0x6 contiki-sky.a(rtimer-arch.o)
                0x00000000000059ae                rtimer_arch_schedule
 .text.autostart_start
                0x00000000000059b4       0x16 contiki-sky.a(autostart.o)
                0x00000000000059b4                autostart_start
 .text.process_thread_ctimer_process
                0x00000000000059ca       0xa4 contiki-sky.a(ctimer.o)
 .text.ctimer_init
                0x0000000000005a6e       0x18 contiki-sky.a(ctimer.o)
                0x0000000000005a6e                ctimer_init
 .text.ctimer_set_with_process
                0x0000000000005a86       0x4e contiki-sky.a(ctimer.o)
                0x0000000000005a86                ctimer_set_with_process
 .text.ctimer_set
                0x0000000000005ad4       0x10 contiki-sky.a(ctimer.o)
                0x0000000000005ad4                ctimer_set
 .text.ctimer_reset
                0x0000000000005ae4       0x30 contiki-sky.a(ctimer.o)
                0x0000000000005ae4                ctimer_reset
 .text.ctimer_stop
                0x0000000000005b14       0x28 contiki-sky.a(ctimer.o)
                0x0000000000005b14                ctimer_stop
 .text.energest_init
                0x0000000000005b3c       0x28 contiki-sky.a(energest.o)
                0x0000000000005b3c                energest_init
 .text.energest_type_time
                0x0000000000005b64       0x46 contiki-sky.a(energest.o)
                0x0000000000005b64                energest_type_time
 .text.energest_type_set
                0x0000000000005baa        0xe contiki-sky.a(energest.o)
                0x0000000000005baa                energest_type_set
 .text.energest_flush
                0x0000000000005bb8       0x48 contiki-sky.a(energest.o)
                0x0000000000005bb8                energest_flush
 .text.update_time
                0x0000000000005c00       0x78 contiki-sky.a(etimer.o)
 .text.etimer_request_poll
                0x0000000000005c78        0xa contiki-sky.a(etimer.o)
                0x0000000000005c78                etimer_request_poll
 .text.process_thread_etimer_process
                0x0000000000005c82       0xc8 contiki-sky.a(etimer.o)
 .text.add_timer
                0x0000000000005d4a       0x40 contiki-sky.a(etimer.o)
 .text.etimer_set
                0x0000000000005d8a       0x12 contiki-sky.a(etimer.o)
                0x0000000000005d8a                etimer_set
 .text.etimer_reset
                0x0000000000005d9c       0x12 contiki-sky.a(etimer.o)
                0x0000000000005d9c                etimer_reset
 .text.etimer_pending
                0x0000000000005dae        0xc contiki-sky.a(etimer.o)
                0x0000000000005dae                etimer_pending
 .text.etimer_next_expiration_time
                0x0000000000005dba       0x16 contiki-sky.a(etimer.o)
                0x0000000000005dba                etimer_next_expiration_time
 .text.etimer_stop
                0x0000000000005dd0       0x3c contiki-sky.a(etimer.o)
                0x0000000000005dd0                etimer_stop
 .text.call_process
                0x0000000000005e0c       0x4a contiki-sky.a(process.o)
 .text.exit_process
                0x0000000000005e56       0x96 contiki-sky.a(process.o)
 .text.do_poll  0x0000000000005eec       0x30 contiki-sky.a(process.o)
 .text.process_alloc_event
                0x0000000000005f1c        0xe contiki-sky.a(process.o)
                0x0000000000005f1c                process_alloc_event
 .text.process_init
                0x0000000000005f2a       0x1c contiki-sky.a(process.o)
                0x0000000000005f2a                process_init
 .text.process_run
                0x0000000000005f46       0xa2 contiki-sky.a(process.o)
                0x0000000000005f46                process_run
 .text.process_nevents
                0x0000000000005fe8        0xe contiki-sky.a(process.o)
                0x0000000000005fe8                process_nevents
 .text.process_post
                0x0000000000005ff6       0x54 contiki-sky.a(process.o)
                0x0000000000005ff6                process_post
 .text.process_post_synch
                0x000000000000604a       0x12 contiki-sky.a(process.o)
                0x000000000000604a                process_post_synch
 .text.process_start
                0x000000000000605c       0x32 contiki-sky.a(process.o)
                0x000000000000605c                process_start
 .text.process_poll
                0x000000000000608e       0x18 contiki-sky.a(process.o)
                0x000000000000608e                process_poll
 .text.rtimer_init
                0x00000000000060a6        0x6 contiki-sky.a(rtimer.o)
                0x00000000000060a6                rtimer_init
 .text.rtimer_set
                0x00000000000060ac       0x24 contiki-sky.a(rtimer.o)
                0x00000000000060ac                rtimer_set
 .text.rtimer_run_next
                0x00000000000060d0       0x26 contiki-sky.a(rtimer.o)
                0x00000000000060d0                rtimer_run_next
 .text.timer_set
                0x00000000000060f6       0x1c contiki-sky.a(timer.o)
                0x00000000000060f6                timer_set
 .text.timer_reset
                0x0000000000006112        0xe contiki-sky.a(timer.o)
                0x0000000000006112                timer_reset
 .text.timer_expired
                0x0000000000006120       0x2a contiki-sky.a(timer.o)
                0x0000000000006120                timer_expired
 .text.process_thread_serial_line_process
                0x000000000000614a       0x9c contiki-sky.a(serial-line.o)
 .text.serial_line_input_byte
                0x00000000000061e6       0x4a contiki-sky.a(serial-line.o)
                0x00000000000061e6                serial_line_input_byte
 .text.serial_line_init
                0x0000000000006230       0x1c contiki-sky.a(serial-line.o)
                0x0000000000006230                serial_line_init
 .text.list_init
                0x000000000000624c        0x6 contiki-sky.a(list.o)
                0x000000000000624c                list_init
 .text.list_head
                0x0000000000006252        0x4 contiki-sky.a(list.o)
                0x0000000000006252                list_head
 .text.list_tail
                0x0000000000006256       0x12 contiki-sky.a(list.o)
                0x0000000000006256                list_tail
 .text.list_remove
                0x0000000000006268       0x34 contiki-sky.a(list.o)
                0x0000000000006268                list_remove
 .text.list_push
                0x000000000000629c       0x1a contiki-sky.a(list.o)
                0x000000000000629c                list_push
 .text.list_add
                0x00000000000062b6       0x2a contiki-sky.a(list.o)
                0x00000000000062b6                list_add
 .text.list_length
                0x00000000000062e0       0x10 contiki-sky.a(list.o)
                0x00000000000062e0                list_length
 .text.list_item_next
                0x00000000000062f0        0xc contiki-sky.a(list.o)
                0x00000000000062f0                list_item_next
 .text.random_init
                0x00000000000062fc        0x6 contiki-sky.a(random.o)
                0x00000000000062fc                random_init
 .text.random_rand
                0x0000000000006302        0x6 contiki-sky.a(random.o)
                0x0000000000006302                random_rand
 .text.ringbuf_init
                0x0000000000006308       0x14 contiki-sky.a(ringbuf.o)
                0x0000000000006308                ringbuf_init
 .text.ringbuf_put
                0x000000000000631c       0x38 contiki-sky.a(ringbuf.o)
                0x000000000000631c                ringbuf_put
 .text.ringbuf_get
                0x0000000000006354       0x34 contiki-sky.a(ringbuf.o)
                0x0000000000006354                ringbuf_get
 .text.input    0x0000000000006388       0x3a contiki-sky.a(rime.o)
 .text.init     0x00000000000063c2       0x2e contiki-sky.a(rime.o)
 .text.packet_sent
                0x00000000000063f0       0x44 contiki-sky.a(rime.o)
 .text.rime_output
                0x0000000000006434       0x24 contiki-sky.a(rime.o)
                0x0000000000006434                rime_output
 .text.input_packet
                0x0000000000006458        0x6 contiki-sky.a(csma.o)
 .text.on       0x000000000000645e        0x6 contiki-sky.a(csma.o)
 .text.off      0x0000000000006464        0x6 contiki-sky.a(csma.o)
 .text.channel_check_interval
                0x000000000000646a       0x10 contiki-sky.a(csma.o)
 .text.transmit_packet_list
                0x000000000000647a       0x24 contiki-sky.a(csma.o)
 .text.send_packet
                0x000000000000649e      0x184 contiki-sky.a(csma.o)
 .text.free_packet
                0x0000000000006622       0xa4 contiki-sky.a(csma.o)
 .text.packet_sent
                0x00000000000066c6      0x130 contiki-sky.a(csma.o)
 .text.init     0x00000000000067f6       0x1a contiki-sky.a(csma.o)
 .text.mac_call_sent_callback
                0x0000000000006810       0x14 contiki-sky.a(mac.o)
                0x0000000000006810                mac_call_sent_callback
 .text.linkaddr_copy
                0x0000000000006824        0xc contiki-sky.a(linkaddr.o)
                0x0000000000006824                linkaddr_copy
 .text.linkaddr_cmp
                0x0000000000006830       0x12 contiki-sky.a(linkaddr.o)
                0x0000000000006830                linkaddr_cmp
 .text.linkaddr_set_node_addr
                0x0000000000006842        0xc contiki-sky.a(linkaddr.o)
                0x0000000000006842                linkaddr_set_node_addr
 .text.packetbuf_compact
                0x000000000000684e       0x2e contiki-sky.a(packetbuf.o)
                0x000000000000684e                packetbuf_compact
 .text.packetbuf_copyto
                0x000000000000687c       0x52 contiki-sky.a(packetbuf.o)
                0x000000000000687c                packetbuf_copyto
 .text.packetbuf_hdrreduce
                0x00000000000068ce       0x1a contiki-sky.a(packetbuf.o)
                0x00000000000068ce                packetbuf_hdrreduce
 .text.packetbuf_set_datalen
                0x00000000000068e8        0x6 contiki-sky.a(packetbuf.o)
                0x00000000000068e8                packetbuf_set_datalen
 .text.packetbuf_dataptr
                0x00000000000068ee        0xe contiki-sky.a(packetbuf.o)
                0x00000000000068ee                packetbuf_dataptr
 .text.packetbuf_hdrptr
                0x00000000000068fc        0xa contiki-sky.a(packetbuf.o)
                0x00000000000068fc                packetbuf_hdrptr
 .text.packetbuf_datalen
                0x0000000000006906        0x6 contiki-sky.a(packetbuf.o)
                0x0000000000006906                packetbuf_datalen
 .text.packetbuf_hdrlen
                0x000000000000690c       0x10 contiki-sky.a(packetbuf.o)
                0x000000000000690c                packetbuf_hdrlen
 .text.packetbuf_totlen
                0x000000000000691c        0xc contiki-sky.a(packetbuf.o)
                0x000000000000691c                packetbuf_totlen
 .text.packetbuf_hdralloc
                0x0000000000006928       0x2e contiki-sky.a(packetbuf.o)
                0x0000000000006928                packetbuf_hdralloc
 .text.packetbuf_attr_clear
                0x0000000000006956       0x2c contiki-sky.a(packetbuf.o)
                0x0000000000006956                packetbuf_attr_clear
 .text.packetbuf_clear
                0x0000000000006982       0x1a contiki-sky.a(packetbuf.o)
                0x0000000000006982                packetbuf_clear
 .text.packetbuf_copyfrom
                0x000000000000699c       0x2e contiki-sky.a(packetbuf.o)
                0x000000000000699c                packetbuf_copyfrom
 .text.packetbuf_attr_copyto
                0x00000000000069ca       0x20 contiki-sky.a(packetbuf.o)
                0x00000000000069ca                packetbuf_attr_copyto
 .text.packetbuf_attr_copyfrom
                0x00000000000069ea       0x22 contiki-sky.a(packetbuf.o)
                0x00000000000069ea                packetbuf_attr_copyfrom
 .text.packetbuf_holds_broadcast
                0x0000000000006a0c        0xe contiki-sky.a(packetbuf.o)
                0x0000000000006a0c                packetbuf_holds_broadcast
 .text.queuebuf_init
                0x0000000000006a1a       0x12 contiki-sky.a(queuebuf.o)
                0x0000000000006a1a                queuebuf_init
 .text.queuebuf_new_from_packetbuf
                0x0000000000006a2c       0x52 contiki-sky.a(queuebuf.o)
                0x0000000000006a2c                queuebuf_new_from_packetbuf
 .text.queuebuf_update_attr_from_packetbuf
                0x0000000000006a7e       0x12 contiki-sky.a(queuebuf.o)
                0x0000000000006a7e                queuebuf_update_attr_from_packetbuf
 .text.queuebuf_update_from_packetbuf
                0x0000000000006a90       0x22 contiki-sky.a(queuebuf.o)
                0x0000000000006a90                queuebuf_update_from_packetbuf
 .text.queuebuf_free
                0x0000000000006ab2       0x2a contiki-sky.a(queuebuf.o)
                0x0000000000006ab2                queuebuf_free
 .text.queuebuf_to_packetbuf
                0x0000000000006adc       0x32 contiki-sky.a(queuebuf.o)
                0x0000000000006adc                queuebuf_to_packetbuf
 .text.queuebuf_attr
                0x0000000000006b0e        0xe contiki-sky.a(queuebuf.o)
                0x0000000000006b0e                queuebuf_attr
 .text.duty_cycle
                0x0000000000006b1c        0x6 contiki-sky.a(contikimac.o)
 .text.init     0x0000000000006b22       0x2a contiki-sky.a(contikimac.o)
 .text.on       0x0000000000006b4c       0x1a contiki-sky.a(contikimac.o)
 .text.off      0x0000000000006b66       0x22 contiki-sky.a(contikimac.o)
 .text.recv_burst_off
                0x0000000000006b88        0xa contiki-sky.a(contikimac.o)
 .text.turn_off
                0x0000000000006b92       0x20 contiki-sky.a(contikimac.o)
 .text.turn_on  0x0000000000006bb2       0x30 contiki-sky.a(contikimac.o)
 .text.schedule_powercycle_fixed.part.4
                0x0000000000006be2       0x36 contiki-sky.a(contikimac.o)
 .text.powercycle_turn_radio_off
                0x0000000000006c18       0x30 contiki-sky.a(contikimac.o)
 .text.powercycle
                0x0000000000006c48      0x1d2 contiki-sky.a(contikimac.o)
 .text.input_packet
                0x0000000000006e1a       0xb2 contiki-sky.a(contikimac.o)
 .text.send_packet.isra.7
                0x0000000000006ecc      0x1ec contiki-sky.a(contikimac.o)
 .text.qsend_list
                0x00000000000070b8       0xc6 contiki-sky.a(contikimac.o)
 .text.qsend_packet
                0x000000000000717e       0x28 contiki-sky.a(contikimac.o)
 .text.hdr_length
                0x00000000000071a6        0x8 contiki-sky.a(contikimac-fram)
 .text.parse    0x00000000000071ae       0x3a contiki-sky.a(contikimac-fram)
 .text.create   0x00000000000071e8       0x74 contiki-sky.a(contikimac-fram)
 .text.init     0x000000000000725c        0x2 contiki-sky.a(nullsec.o)
 .text.send     0x000000000000725e        0xa contiki-sky.a(nullsec.o)
 .text.input    0x0000000000007268        0x6 contiki-sky.a(nullsec.o)
 .text.spi_init
                0x000000000000726e       0x32 contiki-sky.a(spi.o)
                0x000000000000726e                spi_init
 .text.compower_accumulate
                0x00000000000072a0       0x72 contiki-sky.a(compower.o)
                0x00000000000072a0                compower_accumulate
 .text.compower_clear
                0x0000000000007312       0x12 contiki-sky.a(compower.o)
                0x0000000000007312                compower_clear
 .text.compower_attrconv
                0x0000000000007324       0x10 contiki-sky.a(compower.o)
                0x0000000000007324                compower_attrconv
 .text.memb_init
                0x0000000000007334       0x36 contiki-sky.a(memb.o)
                0x0000000000007334                memb_init
 .text.memb_alloc
                0x000000000000736a       0x3e contiki-sky.a(memb.o)
                0x000000000000736a                memb_alloc
 .text.memb_free
                0x00000000000073a8       0x3a contiki-sky.a(memb.o)
                0x00000000000073a8                memb_free
 .text.memb_inmemb
                0x00000000000073e2       0x2e contiki-sky.a(memb.o)
                0x00000000000073e2                memb_inmemb
 .text.abc_open
                0x0000000000007410       0x26 contiki-sky.a(abc.o)
                0x0000000000007410                abc_open
 .text.abc_send
                0x0000000000007436        0x6 contiki-sky.a(abc.o)
                0x0000000000007436                abc_send
 .text.abc_input
                0x000000000000743c        0xe contiki-sky.a(abc.o)
                0x000000000000743c                abc_input
 .text.abc_sent
                0x000000000000744a       0x10 contiki-sky.a(abc.o)
                0x000000000000744a                abc_sent
 .text.announcement_init
                0x000000000000745a        0xa contiki-sky.a(announcement.o)
                0x000000000000745a                announcement_init
 .text.announcement_register_observer_callback
                0x0000000000007464        0x6 contiki-sky.a(announcement.o)
                0x0000000000007464                announcement_register_observer_callback
 .text.announcement_list
                0x000000000000746a        0xa contiki-sky.a(announcement.o)
                0x000000000000746a                announcement_list
 .text.announcement_heard
                0x0000000000007474       0x42 contiki-sky.a(announcement.o)
                0x0000000000007474                announcement_heard
 .text.adv_packet_sent
                0x00000000000074b6        0x2 contiki-sky.a(broadcast-annou)
 .text.adv_packet_received
                0x00000000000074b8       0x66 contiki-sky.a(broadcast-annou)
 .text.set_timers
                0x000000000000751e       0x4a contiki-sky.a(broadcast-annou)
 .text.send_timer
                0x0000000000007568       0x36 contiki-sky.a(broadcast-annou)
 .text.new_announcement
                0x000000000000759e       0x18 contiki-sky.a(broadcast-annou)
 .text.send_adv
                0x00000000000075b6       0x66 contiki-sky.a(broadcast-annou)
 .text.broadcast_announcement_init
                0x000000000000761c       0x48 contiki-sky.a(broadcast-annou)
                0x000000000000761c                broadcast_announcement_init
 .text.sent_by_abc
                0x0000000000007664       0x10 contiki-sky.a(broadcast.o)
 .text.recv_from_abc
                0x0000000000007674       0x26 contiki-sky.a(broadcast.o)
 .text.broadcast_open
                0x000000000000769a       0x2a contiki-sky.a(broadcast.o)
                0x000000000000769a                broadcast_open
 .text.broadcast_send
                0x00000000000076c4       0x1a contiki-sky.a(broadcast.o)
                0x00000000000076c4                broadcast_send
 .text.chameleon_init
                0x00000000000076de        0x6 contiki-sky.a(chameleon.o)
                0x00000000000076de                chameleon_init
 .text.chameleon_parse
                0x00000000000076e4       0x10 contiki-sky.a(chameleon.o)
                0x00000000000076e4                chameleon_parse
 .text.chameleon_create
                0x00000000000076f4       0x1c contiki-sky.a(chameleon.o)
                0x00000000000076f4                chameleon_create
 .text.chameleon_hdrsize
                0x0000000000007710        0x6 contiki-sky.a(chameleon.o)
                0x0000000000007710                chameleon_hdrsize
 .text.channel_init
                0x0000000000007716        0xa contiki-sky.a(channel.o)
                0x0000000000007716                channel_init
 .text.channel_open
                0x0000000000007720       0x10 contiki-sky.a(channel.o)
                0x0000000000007720                channel_open
 .text.channel_lookup
                0x0000000000007730       0x20 contiki-sky.a(channel.o)
                0x0000000000007730                channel_lookup
 .text.channel_set_attributes
                0x0000000000007750       0x24 contiki-sky.a(channel.o)
                0x0000000000007750                channel_set_attributes
 .text.parse    0x0000000000007774       0x9e contiki-sky.a(framer-802154.o)
 .text.create_frame.isra.0
                0x0000000000007812      0x104 contiki-sky.a(framer-802154.o)
 .text.create   0x0000000000007916        0x8 contiki-sky.a(framer-802154.o)
 .text.hdr_length
                0x000000000000791e        0x8 contiki-sky.a(framer-802154.o)
 .text.mac_sequence_is_duplicate
                0x0000000000007926       0x3c contiki-sky.a(mac-sequence.o)
                0x0000000000007926                mac_sequence_is_duplicate
 .text.mac_sequence_register_seqno
                0x0000000000007962       0x64 contiki-sky.a(mac-sequence.o)
                0x0000000000007962                mac_sequence_register_seqno
 .text.header_size
                0x00000000000079c6       0x16 contiki-sky.a(chameleon-bitop)
 .text.get_bits_in_byte
                0x00000000000079dc       0x3a contiki-sky.a(chameleon-bitop)
                0x00000000000079dc                get_bits_in_byte
 .text.get_bits
                0x0000000000007a16       0xa4 contiki-sky.a(chameleon-bitop)
                0x0000000000007a16                get_bits
 .text.unpack_header
                0x0000000000007aba       0xd6 contiki-sky.a(chameleon-bitop)
 .text.set_bits_in_byte
                0x0000000000007b90       0x2c contiki-sky.a(chameleon-bitop)
                0x0000000000007b90                set_bits_in_byte
 .text.set_bits
                0x0000000000007bbc       0xd2 contiki-sky.a(chameleon-bitop)
                0x0000000000007bbc                set_bits
 .text.pack_header
                0x0000000000007c8e       0xbc contiki-sky.a(chameleon-bitop)
 .text.field_len
                0x0000000000007d4a       0x98 contiki-sky.a(frame802154.o)
 .text.frame802154_hdrlen
                0x0000000000007de2       0x2e contiki-sky.a(frame802154.o)
                0x0000000000007de2                frame802154_hdrlen
 .text.frame802154_create
                0x0000000000007e10      0x146 contiki-sky.a(frame802154.o)
                0x0000000000007e10                frame802154_create
 .text.frame802154_parse
                0x0000000000007f56      0x1da contiki-sky.a(frame802154.o)
                0x0000000000007f56                frame802154_parse
 .text.libgcc   0x0000000000008130       0x2c /usr/lib/gcc/msp430/4.6.3/mmpy-16/libgcc.a(_mulsi3.o)
                0x0000000000008130                __mulsi3
 .text.libgcc   0x000000000000815c       0x40 /usr/lib/gcc/msp430/4.6.3/mmpy-16/libgcc.a(_udivmod32.o)
                0x000000000000815c                __udivsi3
                0x000000000000815c                __ext_udivmod32
                0x0000000000008192                __umodsi3
 .text          0x000000000000819c       0x20 /usr/lib/gcc/msp430/4.6.3/../../../../msp430/lib/mmpy-16/libc.a(memcmp.o)
                0x000000000000819c                memcmp
 .text          0x00000000000081bc       0xfa /usr/lib/gcc/msp430/4.6.3/../../../../msp430/lib/mmpy-16/libc.a(memcpy.o)
                0x00000000000081bc                memcpy
 .text          0x00000000000082b6       0x6a /usr/lib/gcc/msp430/4.6.3/../../../../msp430/lib/mmpy-16/libc.a(memset.o)
                0x00000000000082b6                memset
 .text          0x0000000000008320       0x1e /usr/lib/gcc/msp430/4.6.3/../../../../msp430/lib/mmpy-16/libc.a(printf.o)
                0x0000000000008320                printf
                0x0000000000008330                vprintf
 .text          0x000000000000833e      0x836 /usr/lib/gcc/msp430/4.6.3/../../../../msp430/lib/mmpy-16/libc.a(vuprintf.o)
                0x00000000000084d6                vuprintf
 .text          0x0000000000008b74       0x2c /usr/lib/gcc/msp430/4.6.3/../../../../msp430/lib/mmpy-16/libc.a(puts.o)
                0x0000000000008b74                puts
 .text          0x0000000000008ba0       0x54 /usr/lib/gcc/msp430/4.6.3/../../../../msp430/lib/mmpy-16/libc.a(rand.o)
                0x0000000000008ba0                rand_r
                0x0000000000008bc4                rand
                0x0000000000008bea                srand
 .text.libgcc   0x0000000000008bf4       0x22 /usr/lib/gcc/msp430/4.6.3/mmpy-16/libgcc.a(_udivmod16.o)
                0x0000000000008bf4                __udivhi3
                0x0000000000008bf4                __ext_udivmod16
                0x0000000000008c0e                __umodhi3
 .text.libgcc   0x0000000000008c16       0xf0 /usr/lib/gcc/msp430/4.6.3/mmpy-16/libgcc.a(_udivmod64.o)
                0x0000000000008c16                __xabi_udivmod64
                0x0000000000008c74                __udivdi3
                0x0000000000008c9a                __umoddi3
                0x0000000000008cc8                __udivmoddi4
 .text.crt0     0x0000000000008d06        0x2 /usr/lib/gcc/msp430/4.6.3/mmpy-16/libcrt0.a(_unexpected_.o)
                0x0000000000008d06                _unexpected_
                0x0000000000008d08                . = ALIGN (0x2)

.rodata         0x0000000000008d08      0x22a
                0x0000000000008d08                . = ALIGN (0x2)
 *(.rodata .rodata.* .gnu.linkonce.r.*)
 .rodata        0x0000000000008d08       0x26 hello-world.co
                0x0000000000008d16                autostart_processes
 .rodata        0x0000000000008d2e       0xe5 obj_sky/contiki-sky-main.o
 *fill*         0x0000000000008e13        0x1 00
 .rodata        0x0000000000008e14       0x10 contiki-sky.a(button-sensor.o)
                0x0000000000008e1c                button_sensor
 .rodata        0x0000000000008e24        0x8 contiki-sky.a(sensors.o)
 .rodata        0x0000000000008e2c       0x5a contiki-sky.a(cc2420.o)
                0x0000000000008e48                cc2420_aes_128_driver
                0x0000000000008e4c                cc2420_driver
 .rodata        0x0000000000008e86        0xf contiki-sky.a(ctimer.o)
 .rodata        0x0000000000008e95        0xc contiki-sky.a(etimer.o)
 .rodata        0x0000000000008ea1        0xe contiki-sky.a(serial-line.o)
 *fill*         0x0000000000008eaf        0x1 00
 .rodata        0x0000000000008eb0        0xc contiki-sky.a(rime.o)
                0x0000000000008eb6                rime_driver
 .rodata        0x0000000000008ebc       0x14 contiki-sky.a(csma.o)
                0x0000000000008ec2                csma_driver
 .rodata        0x0000000000008ed0        0x2 contiki-sky.a(linkaddr.o)
                0x0000000000008ed0                linkaddr_null
 .rodata        0x0000000000008ed2       0x1c contiki-sky.a(contikimac.o)
                0x0000000000008ede                contikimac_driver
 .rodata        0x0000000000008eee        0x6 contiki-sky.a(contikimac-fram)
                0x0000000000008eee                contikimac_framer
 .rodata        0x0000000000008ef4       0x10 contiki-sky.a(nullsec.o)
                0x0000000000008efc                nullsec_driver
 .rodata        0x0000000000008f04        0x2 contiki-sky.a(abc.o)
 .rodata        0x0000000000008f06        0x4 contiki-sky.a(broadcast-annou)
 .rodata        0x0000000000008f0a        0x8 contiki-sky.a(broadcast.o)
 .rodata        0x0000000000008f12        0x6 contiki-sky.a(framer-802154.o)
                0x0000000000008f12                framer_802154
 .rodata        0x0000000000008f18       0x10 contiki-sky.a(chameleon-bitop)
                0x0000000000008f18                chameleon_bitopt
 .rodata        0x0000000000008f28        0x2 contiki-sky.a(frame802154.o)
 .rodata        0x0000000000008f2a        0x7 /usr/lib/gcc/msp430/4.6.3/../../../../msp430/lib/mmpy-16/libc.a(vuprintf.o)
                0x0000000000008f32                . = ALIGN (0x2)
 *fill*         0x0000000000008f31        0x1 00
                0x0000000000008f32                _etext = .

.data           0x0000000000001100       0x6e load address 0x0000000000008f32
                0x0000000000001100                . = ALIGN (0x2)
                0x0000000000001100                PROVIDE (__data_start, .)
 *(.data .data.* .gnu.linkonce.d.*)
 .data          0x0000000000001100        0xa hello-world.co
                0x0000000000001100                hello_world_process
 .data          0x000000000000110a        0x4 contiki-sky.a(contiki-sky-pla)
                0x000000000000110a                sensors
 .data          0x000000000000110e        0xa contiki-sky.a(sensors.o)
                0x000000000000110e                sensors_process
 .data          0x0000000000001118        0xa contiki-sky.a(cc2420.o)
                0x0000000000001118                cc2420_process
 .data          0x0000000000001122        0x2 contiki-sky.a(msp430.o)
 .data          0x0000000000001124        0xa contiki-sky.a(ctimer.o)
                0x0000000000001124                ctimer_process
 .data          0x000000000000112e        0xa contiki-sky.a(etimer.o)
                0x000000000000112e                etimer_process
 .data          0x0000000000001138        0xa contiki-sky.a(serial-line.o)
                0x0000000000001138                serial_line_process
 .data          0x0000000000001142       0x18 contiki-sky.a(csma.o)
 .data          0x000000000000115a       0x10 contiki-sky.a(queuebuf.o)
 .data          0x000000000000116a        0x4 /usr/lib/gcc/msp430/4.6.3/../../../../msp430/lib/mmpy-16/libc.a(rand.o)
                0x000000000000116e                . = ALIGN (0x2)
                0x000000000000116e                _edata = .
                0x0000000000008f32                PROVIDE (__data_load_start, LOADADDR (.data))
                0x000000000000006e                PROVIDE (__data_size, SIZEOF (.data))

.bss            0x000000000000116e     0x11ac load address 0x0000000000008fa0
                0x000000000000116e                PROVIDE (__bss_start, .)
 *(.bss .bss.*)
 .bss           0x000000000000116e        0xc obj_sky/contiki-sky-main.o
 .bss           0x000000000000117a        0x8 contiki-sky.a(button-sensor.o)
 .bss           0x0000000000001182        0x2 contiki-sky.a(node-id.o)
                0x0000000000001182                node_id
 .bss           0x0000000000001184        0x6 contiki-sky.a(sensors.o)
 .bss           0x000000000000118a        0x8 contiki-sky.a(cc2420.o)
 .bss           0x0000000000001192       0x9a contiki-sky.a(uart1.o)
 .bss           0x000000000000122c        0xa contiki-sky.a(clock.o)
 .bss           0x0000000000001236        0x1 contiki-sky.a(leds.o)
 *fill*         0x0000000000001237        0x1 00
 .bss           0x0000000000001238        0x2 contiki-sky.a(watchdog.o)
 .bss           0x000000000000123a        0x4 contiki-sky.a(ctimer.o)
 .bss           0x000000000000123e        0x6 contiki-sky.a(etimer.o)
 .bss           0x0000000000001244       0x42 contiki-sky.a(process.o)
                0x0000000000001244                process_current
                0x0000000000001246                process_list
 .bss           0x0000000000001286        0x2 contiki-sky.a(rtimer.o)
 .bss           0x0000000000001288      0x10a contiki-sky.a(serial-line.o)
 .bss           0x0000000000001392        0x2 contiki-sky.a(rime.o)
 .bss           0x0000000000001394      0x128 contiki-sky.a(csma.o)
 .bss           0x00000000000014bc       0xb8 contiki-sky.a(packetbuf.o)
 .bss           0x0000000000001574      0xc20 contiki-sky.a(queuebuf.o)
 .bss           0x0000000000002194       0x32 contiki-sky.a(contikimac.o)
 .bss           0x00000000000021c6        0x8 contiki-sky.a(compower.o)
 .bss           0x00000000000021ce        0x6 contiki-sky.a(announcement.o)
 .bss           0x00000000000021d4       0x46 contiki-sky.a(broadcast-annou)
 .bss           0x000000000000221a        0x2 contiki-sky.a(channel.o)
 .bss           0x000000000000221c        0x2 contiki-sky.a(framer-802154.o)
 .bss           0x000000000000221e       0x40 contiki-sky.a(mac-sequence.o)
 *(COMMON)
 COMMON         0x000000000000225e        0x2 contiki-sky.a(contiki-sky-pla)
                0x000000000000225e                sensors_flags
 COMMON         0x0000000000002260        0x8 contiki-sky.a(ds2411.o)
                0x0000000000002260                ds2411_id
 COMMON         0x0000000000002268        0x1 contiki-sky.a(sensors.o)
                0x0000000000002268                sensors_event
 *fill*         0x0000000000002269        0x1 00
 COMMON         0x000000000000226a       0x10 contiki-sky.a(cc2420.o)
                0x000000000000226a                cc2420_last_rssi
                0x000000000000226c                cc2420_sfd_start_time
                0x000000000000226e                cc2420_time_of_departure
                0x0000000000002270                cc2420_time_of_arrival
                0x0000000000002272                cc2420_last_correlation
                0x0000000000002274                cc2420_authority_level_of_sender
                0x0000000000002276                cc2420_sfd_counter
                0x0000000000002278                cc2420_sfd_end_time
 COMMON         0x000000000000227a        0x2 contiki-sky.a(msp430.o)
                0x000000000000227a                msp430_dco_required
 COMMON         0x000000000000227c       0x56 contiki-sky.a(energest.o)
                0x000000000000227c                energest_total_time
                0x00000000000022ac                energest_total_count
                0x00000000000022ae                energest_current_mode
                0x00000000000022ba                energest_current_time
 COMMON         0x00000000000022d2        0x1 contiki-sky.a(process.o)
                0x00000000000022d2                process_maxevents
 COMMON         0x00000000000022d3        0x1 contiki-sky.a(serial-line.o)
                0x00000000000022d3                serial_line_event_message
 COMMON         0x00000000000022d4        0x2 contiki-sky.a(linkaddr.o)
                0x00000000000022d4                linkaddr_node_addr
 COMMON         0x00000000000022d6       0x3c contiki-sky.a(packetbuf.o)
                0x00000000000022d6                packetbuf_addrs
                0x00000000000022de                packetbuf_attrs
 COMMON         0x0000000000002312        0x8 contiki-sky.a(compower.o)
                0x0000000000002312                compower_idle_activity
                0x000000000000231a                . = ALIGN (0x2)
                0x000000000000231a                PROVIDE (__bss_end, .)
                0x00000000000011ac                PROVIDE (__bss_size, SIZEOF (.bss))

.noinit         0x000000000000231a        0x2 load address 0x0000000000008fa0
                0x000000000000231a                PROVIDE (__noinit_start, .)
 *(.noinit .noinit.*)
 .noinit.crt0   0x000000000000231a        0x2 /usr/lib/gcc/msp430/4.6.3/mmpy-16/libcrt0.a(__watchdog_support.o)
                0x000000000000231a                __wdt_clear_value
                0x000000000000231c                . = ALIGN (0x2)
                0x000000000000231c                PROVIDE (__noinit_end, .)
                0x000000000000231c                . = ALIGN (0x2)
                0x000000000000231c                _end = .

.infomem        0x0000000000001000        0x0
 *(.infomem)
                0x0000000000001000                . = ALIGN (0x2)
 *(.infomem.*)

.infomemnobits  0x0000000000001000        0x0
 *(.infomemnobits)
                0x0000000000001000                . = ALIGN (0x2)
 *(.infomemnobits.*)

.infoa
 *(.infoa .infoa.*)

.infob
 *(.infob .infob.*)

.infoc
 *(.infoc .infoc.*)

.infod
 *(.infod .infod.*)

.vectors        0x000000000000ffe0       0x20
                0x000000000000ffe0                PROVIDE (__vectors_start, .)
 *(.vectors*)
 .vectors       0x000000000000ffe0       0x20 /usr/lib/gcc/msp430/4.6.3/mmpy-16/crt0ivtbl16.o
                0x000000000000ffe0                __ivtbl_16
                0x0000000000010000                _vectors_end = .

.fartext        0x0000000000000000        0x0
                0x0000000000000000                . = ALIGN (0x2)
 *(.fartext)
                0x0000000000000000                . = ALIGN (0x2)
 *(.fartext.*)
                0x0000000000000000                _efartext = .

.profiler
 *(.profiler)

.stab           0x0000000000000000    0x1959c
 *(.stab)
 .stab          0x0000000000000000      0x7bc hello-world.co
 .stab          0x00000000000007bc     0x1428 obj_sky/contiki-sky-main.o
                                       0x17a0 (size before relaxing)
 .stab          0x0000000000001be4      0x264 contiki-sky.a(contiki-sky-pla)
                                        0x5b8 (size before relaxing)
 .stab          0x0000000000001e48      0x468 contiki-sky.a(button-sensor.o)
                                        0x7d4 (size before relaxing)
 .stab          0x00000000000022b0      0x630 contiki-sky.a(ds2411.o)
                                        0xb40 (size before relaxing)
 .stab          0x00000000000028e0      0xa38 contiki-sky.a(xmem.o)
                                        0xf60 (size before relaxing)
 .stab          0x0000000000003318      0x2b8 contiki-sky.a(node-id.o)
                                        0x4e0 (size before relaxing)
 .stab          0x00000000000035d0      0x654 contiki-sky.a(sensors.o)
                                        0xb70 (size before relaxing)
 .stab          0x0000000000003c24     0x25ec contiki-sky.a(cc2420.o)
                                       0x2cb8 (size before relaxing)
 .stab          0x0000000000006210      0xb34 contiki-sky.a(cc2420-arch.o)
                                       0x13f8 (size before relaxing)
 .stab          0x0000000000006d44      0x60c contiki-sky.a(uart1.o)
                                        0x960 (size before relaxing)
 .stab          0x0000000000007350      0x27c contiki-sky.a(uart1-putchar.o)
                                        0x7bc (size before relaxing)
 .stab          0x00000000000075cc      0x744 contiki-sky.a(msp430.o)
                                        0xa98 (size before relaxing)
 .stab          0x0000000000007d10      0x948 contiki-sky.a(clock.o)
                                        0xc9c (size before relaxing)
 .stab          0x0000000000008658      0x5dc contiki-sky.a(leds.o)
                                        0x828 (size before relaxing)
 .stab          0x0000000000008c34      0x3a8 contiki-sky.a(leds-arch.o)
                                        0x6fc (size before relaxing)
 .stab          0x0000000000008fdc      0x3fc contiki-sky.a(watchdog.o)
                                        0x750 (size before relaxing)
 .stab          0x00000000000093d8      0x3cc contiki-sky.a(rtimer-arch.o)
                                        0x720 (size before relaxing)
 .stab          0x00000000000097a4      0x294 contiki-sky.a(autostart.o)
                                        0x534 (size before relaxing)
 .stab          0x0000000000009a38      0x858 contiki-sky.a(ctimer.o)
                                        0xbc4 (size before relaxing)
 .stab          0x000000000000a290      0x474 contiki-sky.a(energest.o)
                                        0x6fc (size before relaxing)
 .stab          0x000000000000a704      0xabc contiki-sky.a(etimer.o)
                                        0xd8c (size before relaxing)
 .stab          0x000000000000b1c0      0xb7c contiki-sky.a(process.o)
                                       0x1014 (size before relaxing)
 .stab          0x000000000000bd3c      0x3d8 contiki-sky.a(rtimer.o)
                                        0x6c0 (size before relaxing)
 .stab          0x000000000000c114      0x354 contiki-sky.a(timer.o)
                                        0x594 (size before relaxing)
 .stab          0x000000000000c468      0x534 contiki-sky.a(serial-line.o)
                                        0xa50 (size before relaxing)
 .stab          0x000000000000c99c      0x7f8 contiki-sky.a(list.o)
                                        0x804 (size before relaxing)
 .stab          0x000000000000d194      0x24c contiki-sky.a(random.o)
                                        0x624 (size before relaxing)
 .stab          0x000000000000d3e0      0x3fc contiki-sky.a(ringbuf.o)
                                        0x63c (size before relaxing)
 .stab          0x000000000000d7dc      0xccc contiki-sky.a(rime.o)
                                       0x1410 (size before relaxing)
 .stab          0x000000000000e4a8      0xe28 contiki-sky.a(csma.o)
                                       0x15cc (size before relaxing)
 .stab          0x000000000000f2d0      0x1f8 contiki-sky.a(mac.o)
                                        0x4ec (size before relaxing)
 .stab          0x000000000000f4c8      0x2c4 contiki-sky.a(linkaddr.o)
                                        0x6c0 (size before relaxing)
 .stab          0x000000000000f78c      0xda4 contiki-sky.a(packetbuf.o)
                                       0x1be4 (size before relaxing)
 .stab          0x0000000000010530      0xa5c contiki-sky.a(queuebuf.o)
                                       0x1884 (size before relaxing)
 .stab          0x0000000000010f8c     0x1710 contiki-sky.a(contikimac.o)
                                       0x2310 (size before relaxing)
 .stab          0x000000000001269c      0x804 contiki-sky.a(contikimac-fram)
                                        0xe58 (size before relaxing)
 .stab          0x0000000000012ea0      0x600 contiki-sky.a(nullsec.o)
                                        0xcf0 (size before relaxing)
 .stab          0x00000000000134a0      0x204 contiki-sky.a(spi.o)
                                        0x42c (size before relaxing)
 .stab          0x00000000000136a4      0x720 contiki-sky.a(compower.o)
                                        0xd20 (size before relaxing)
 .stab          0x0000000000013dc4      0x5c4 contiki-sky.a(memb.o)
                                        0xaf8 (size before relaxing)
 .stab          0x0000000000014388      0x66c contiki-sky.a(abc.o)
                                       0x1494 (size before relaxing)
 .stab          0x00000000000149f4      0x6e4 contiki-sky.a(announcement.o)
                                        0x984 (size before relaxing)
 .stab          0x00000000000150d8      0xa08 contiki-sky.a(broadcast-annou)
                                       0x15c0 (size before relaxing)
 .stab          0x0000000000015ae0      0x6d8 contiki-sky.a(broadcast.o)
                                       0x1500 (size before relaxing)
 .stab          0x00000000000161b8      0x5e8 contiki-sky.a(chameleon.o)
                                       0x123c (size before relaxing)
 .stab          0x00000000000167a0      0x624 contiki-sky.a(channel.o)
                                       0x129c (size before relaxing)
 .stab          0x0000000000016dc4      0x930 contiki-sky.a(framer-802154.o)
                                        0xf6c (size before relaxing)
 .stab          0x00000000000176f4      0x600 contiki-sky.a(mac-sequence.o)
                                       0x1440 (size before relaxing)
 .stab          0x0000000000017cf4      0xd80 contiki-sky.a(chameleon-bitop)
                                       0x19f8 (size before relaxing)
 .stab          0x0000000000018a74      0xb28 contiki-sky.a(frame802154.o)
                                       0x10f8 (size before relaxing)

.stabstr        0x0000000000000000    0x19663
 *(.stabstr)
 .stabstr       0x0000000000000000    0x19663 hello-world.co

.stab.excl
 *(.stab.excl)

.stab.exclstr
 *(.stab.exclstr)

.stab.index
 *(.stab.index)

.stab.indexstr
 *(.stab.indexstr)

.comment
 *(.comment)

.debug
 *(.debug)

.line
 *(.line)

.debug_srcinfo
 *(.debug_srcinfo)

.debug_sfnames
 *(.debug_sfnames)

.debug_aranges  0x0000000000000000      0x168
 *(.debug_aranges)
 .debug_aranges
                0x0000000000000000       0x14 /usr/lib/gcc/msp430/4.6.3/mmpy-16/libgcc.a(_mulsi3.o)
 .debug_aranges
                0x0000000000000014       0x14 /usr/lib/gcc/msp430/4.6.3/mmpy-16/libgcc.a(_udivmod32.o)
 .debug_aranges
                0x0000000000000028       0x14 /usr/lib/gcc/msp430/4.6.3/../../../../msp430/lib/mmpy-16/libc.a(strncmp.o)
 .debug_aranges
                0x000000000000003c       0x14 /usr/lib/gcc/msp430/4.6.3/../../../../msp430/lib/mmpy-16/libc.a(memcmp.o)
 .debug_aranges
                0x0000000000000050       0x14 /usr/lib/gcc/msp430/4.6.3/../../../../msp430/lib/mmpy-16/libc.a(memcpy.o)
 .debug_aranges
                0x0000000000000064       0x14 /usr/lib/gcc/msp430/4.6.3/../../../../msp430/lib/mmpy-16/libc.a(memset.o)
 .debug_aranges
                0x0000000000000078       0x14 /usr/lib/gcc/msp430/4.6.3/../../../../msp430/lib/mmpy-16/libc.a(printf.o)
 .debug_aranges
                0x000000000000008c       0x14 /usr/lib/gcc/msp430/4.6.3/../../../../msp430/lib/mmpy-16/libc.a(vuprintf.o)
 .debug_aranges
                0x00000000000000a0       0x14 /usr/lib/gcc/msp430/4.6.3/../../../../msp430/lib/mmpy-16/libc.a(puts.o)
 .debug_aranges
                0x00000000000000b4       0x14 /usr/lib/gcc/msp430/4.6.3/../../../../msp430/lib/mmpy-16/libc.a(rand.o)
 .debug_aranges
                0x00000000000000c8       0x14 /usr/lib/gcc/msp430/4.6.3/mmpy-16/libgcc.a(_udivmod16.o)
 .debug_aranges
                0x00000000000000dc       0x14 /usr/lib/gcc/msp430/4.6.3/mmpy-16/libgcc.a(_udivmod64.o)
 .debug_aranges
                0x00000000000000f0       0x14 /usr/lib/gcc/msp430/4.6.3/mmpy-16/libcrt0.a(__watchdog_support.o)
 .debug_aranges
                0x0000000000000104       0x14 /usr/lib/gcc/msp430/4.6.3/mmpy-16/libcrt0.a(__init_stack.o)
 .debug_aranges
                0x0000000000000118       0x14 /usr/lib/gcc/msp430/4.6.3/mmpy-16/libcrt0.a(_copy_data.o)
 .debug_aranges
                0x000000000000012c       0x14 /usr/lib/gcc/msp430/4.6.3/mmpy-16/libcrt0.a(_clear_bss.o)
 .debug_aranges
                0x0000000000000140       0x14 /usr/lib/gcc/msp430/4.6.3/mmpy-16/libcrt0.a(_endless_loop__.o)
 .debug_aranges
                0x0000000000000154       0x14 /usr/lib/gcc/msp430/4.6.3/mmpy-16/libcrt0.a(_unexpected_.o)

.debug_pubnames
 *(.debug_pubnames)

.debug_info     0x0000000000000000     0x139b
 *(.debug_info)
 .debug_info    0x0000000000000000       0xd6 /usr/lib/gcc/msp430/4.6.3/mmpy-16/libgcc.a(_mulsi3.o)
 .debug_info    0x00000000000000d6       0xd6 /usr/lib/gcc/msp430/4.6.3/mmpy-16/libgcc.a(_udivmod32.o)
 .debug_info    0x00000000000001ac       0xbb /usr/lib/gcc/msp430/4.6.3/../../../../msp430/lib/mmpy-16/libc.a(strncmp.o)
 .debug_info    0x0000000000000267       0xe8 /usr/lib/gcc/msp430/4.6.3/../../../../msp430/lib/mmpy-16/libc.a(memcmp.o)
 .debug_info    0x000000000000034f      0x113 /usr/lib/gcc/msp430/4.6.3/../../../../msp430/lib/mmpy-16/libc.a(memcpy.o)
 .debug_info    0x0000000000000462       0xfe /usr/lib/gcc/msp430/4.6.3/../../../../msp430/lib/mmpy-16/libc.a(memset.o)
 .debug_info    0x0000000000000560      0x105 /usr/lib/gcc/msp430/4.6.3/../../../../msp430/lib/mmpy-16/libc.a(printf.o)
 .debug_info    0x0000000000000665      0x565 /usr/lib/gcc/msp430/4.6.3/../../../../msp430/lib/mmpy-16/libc.a(vuprintf.o)
 .debug_info    0x0000000000000bca       0x96 /usr/lib/gcc/msp430/4.6.3/../../../../msp430/lib/mmpy-16/libc.a(puts.o)
 .debug_info    0x0000000000000c60      0x13f /usr/lib/gcc/msp430/4.6.3/../../../../msp430/lib/mmpy-16/libc.a(rand.o)
 .debug_info    0x0000000000000d9f       0xd6 /usr/lib/gcc/msp430/4.6.3/mmpy-16/libgcc.a(_udivmod16.o)
 .debug_info    0x0000000000000e75       0xd6 /usr/lib/gcc/msp430/4.6.3/mmpy-16/libgcc.a(_udivmod64.o)
 .debug_info    0x0000000000000f4b       0xb8 /usr/lib/gcc/msp430/4.6.3/mmpy-16/libcrt0.a(__watchdog_support.o)
 .debug_info    0x0000000000001003       0xb8 /usr/lib/gcc/msp430/4.6.3/mmpy-16/libcrt0.a(__init_stack.o)
 .debug_info    0x00000000000010bb       0xb8 /usr/lib/gcc/msp430/4.6.3/mmpy-16/libcrt0.a(_copy_data.o)
 .debug_info    0x0000000000001173       0xb8 /usr/lib/gcc/msp430/4.6.3/mmpy-16/libcrt0.a(_clear_bss.o)
 .debug_info    0x000000000000122b       0xb8 /usr/lib/gcc/msp430/4.6.3/mmpy-16/libcrt0.a(_endless_loop__.o)
 .debug_info    0x00000000000012e3       0xb8 /usr/lib/gcc/msp430/4.6.3/mmpy-16/libcrt0.a(_unexpected_.o)
 *(.gnu.linkonce.wi.*)

.debug_abbrev   0x0000000000000000      0x721
 *(.debug_abbrev)
 .debug_abbrev  0x0000000000000000       0x14 /usr/lib/gcc/msp430/4.6.3/mmpy-16/libgcc.a(_mulsi3.o)
 .debug_abbrev  0x0000000000000014       0x14 /usr/lib/gcc/msp430/4.6.3/mmpy-16/libgcc.a(_udivmod32.o)
 .debug_abbrev  0x0000000000000028       0x7c /usr/lib/gcc/msp430/4.6.3/../../../../msp430/lib/mmpy-16/libc.a(strncmp.o)
 .debug_abbrev  0x00000000000000a4       0x9b /usr/lib/gcc/msp430/4.6.3/../../../../msp430/lib/mmpy-16/libc.a(memcmp.o)
 .debug_abbrev  0x000000000000013f       0x97 /usr/lib/gcc/msp430/4.6.3/../../../../msp430/lib/mmpy-16/libc.a(memcpy.o)
 .debug_abbrev  0x00000000000001d6       0x9c /usr/lib/gcc/msp430/4.6.3/../../../../msp430/lib/mmpy-16/libc.a(memset.o)
 .debug_abbrev  0x0000000000000272       0xd0 /usr/lib/gcc/msp430/4.6.3/../../../../msp430/lib/mmpy-16/libc.a(printf.o)
 .debug_abbrev  0x0000000000000342      0x1ef /usr/lib/gcc/msp430/4.6.3/../../../../msp430/lib/mmpy-16/libc.a(vuprintf.o)
 .debug_abbrev  0x0000000000000531       0x60 /usr/lib/gcc/msp430/4.6.3/../../../../msp430/lib/mmpy-16/libc.a(puts.o)
 .debug_abbrev  0x0000000000000591       0xf0 /usr/lib/gcc/msp430/4.6.3/../../../../msp430/lib/mmpy-16/libc.a(rand.o)
 .debug_abbrev  0x0000000000000681       0x14 /usr/lib/gcc/msp430/4.6.3/mmpy-16/libgcc.a(_udivmod16.o)
 .debug_abbrev  0x0000000000000695       0x14 /usr/lib/gcc/msp430/4.6.3/mmpy-16/libgcc.a(_udivmod64.o)
 .debug_abbrev  0x00000000000006a9       0x14 /usr/lib/gcc/msp430/4.6.3/mmpy-16/libcrt0.a(__watchdog_support.o)
 .debug_abbrev  0x00000000000006bd       0x14 /usr/lib/gcc/msp430/4.6.3/mmpy-16/libcrt0.a(__init_stack.o)
 .debug_abbrev  0x00000000000006d1       0x14 /usr/lib/gcc/msp430/4.6.3/mmpy-16/libcrt0.a(_copy_data.o)
 .debug_abbrev  0x00000000000006e5       0x14 /usr/lib/gcc/msp430/4.6.3/mmpy-16/libcrt0.a(_clear_bss.o)
 .debug_abbrev  0x00000000000006f9       0x14 /usr/lib/gcc/msp430/4.6.3/mmpy-16/libcrt0.a(_endless_loop__.o)
 .debug_abbrev  0x000000000000070d       0x14 /usr/lib/gcc/msp430/4.6.3/mmpy-16/libcrt0.a(_unexpected_.o)

.debug_line     0x0000000000000000      0xc6f
 *(.debug_line)
 .debug_line    0x0000000000000000       0xa3 /usr/lib/gcc/msp430/4.6.3/mmpy-16/libgcc.a(_mulsi3.o)
 .debug_line    0x00000000000000a3       0xab /usr/lib/gcc/msp430/4.6.3/mmpy-16/libgcc.a(_udivmod32.o)
 .debug_line    0x000000000000014e       0x75 /usr/lib/gcc/msp430/4.6.3/../../../../msp430/lib/mmpy-16/libc.a(strncmp.o)
 .debug_line    0x00000000000001c3       0x73 /usr/lib/gcc/msp430/4.6.3/../../../../msp430/lib/mmpy-16/libc.a(memcmp.o)
 .debug_line    0x0000000000000236       0xe9 /usr/lib/gcc/msp430/4.6.3/../../../../msp430/lib/mmpy-16/libc.a(memcpy.o)
 .debug_line    0x000000000000031f       0xc8 /usr/lib/gcc/msp430/4.6.3/../../../../msp430/lib/mmpy-16/libc.a(memset.o)
 .debug_line    0x00000000000003e7       0x72 /usr/lib/gcc/msp430/4.6.3/../../../../msp430/lib/mmpy-16/libc.a(printf.o)
 .debug_line    0x0000000000000459      0x2d2 /usr/lib/gcc/msp430/4.6.3/../../../../msp430/lib/mmpy-16/libc.a(vuprintf.o)
 .debug_line    0x000000000000072b       0x4d /usr/lib/gcc/msp430/4.6.3/../../../../msp430/lib/mmpy-16/libc.a(puts.o)
 .debug_line    0x0000000000000778       0x4f /usr/lib/gcc/msp430/4.6.3/../../../../msp430/lib/mmpy-16/libc.a(rand.o)
 .debug_line    0x00000000000007c7       0x9c /usr/lib/gcc/msp430/4.6.3/mmpy-16/libgcc.a(_udivmod16.o)
 .debug_line    0x0000000000000863       0xf1 /usr/lib/gcc/msp430/4.6.3/mmpy-16/libgcc.a(_udivmod64.o)
 .debug_line    0x0000000000000954       0x84 /usr/lib/gcc/msp430/4.6.3/mmpy-16/libcrt0.a(__watchdog_support.o)
 .debug_line    0x00000000000009d8       0x82 /usr/lib/gcc/msp430/4.6.3/mmpy-16/libcrt0.a(__init_stack.o)
 .debug_line    0x0000000000000a5a       0x88 /usr/lib/gcc/msp430/4.6.3/mmpy-16/libcrt0.a(_copy_data.o)
 .debug_line    0x0000000000000ae2       0x88 /usr/lib/gcc/msp430/4.6.3/mmpy-16/libcrt0.a(_clear_bss.o)
 .debug_line    0x0000000000000b6a       0x83 /usr/lib/gcc/msp430/4.6.3/mmpy-16/libcrt0.a(_endless_loop__.o)
 .debug_line    0x0000000000000bed       0x82 /usr/lib/gcc/msp430/4.6.3/mmpy-16/libcrt0.a(_unexpected_.o)

.debug_frame    0x0000000000000000      0x1ec
 *(.debug_frame)
 .debug_frame   0x0000000000000000       0x24 /usr/lib/gcc/msp430/4.6.3/../../../../msp430/lib/mmpy-16/libc.a(strncmp.o)
 .debug_frame   0x0000000000000024       0x24 /usr/lib/gcc/msp430/4.6.3/../../../../msp430/lib/mmpy-16/libc.a(memcmp.o)
 .debug_frame   0x0000000000000048       0x38 /usr/lib/gcc/msp430/4.6.3/../../../../msp430/lib/mmpy-16/libc.a(memcpy.o)
 .debug_frame   0x0000000000000080       0x32 /usr/lib/gcc/msp430/4.6.3/../../../../msp430/lib/mmpy-16/libc.a(memset.o)
 .debug_frame   0x00000000000000b2       0x2a /usr/lib/gcc/msp430/4.6.3/../../../../msp430/lib/mmpy-16/libc.a(printf.o)
 .debug_frame   0x00000000000000dc       0xb0 /usr/lib/gcc/msp430/4.6.3/../../../../msp430/lib/mmpy-16/libc.a(vuprintf.o)
 .debug_frame   0x000000000000018c       0x24 /usr/lib/gcc/msp430/4.6.3/../../../../msp430/lib/mmpy-16/libc.a(puts.o)
 .debug_frame   0x00000000000001b0       0x3c /usr/lib/gcc/msp430/4.6.3/../../../../msp430/lib/mmpy-16/libc.a(rand.o)

.debug_str      0x0000000000000000      0x3dc
 *(.debug_str)
 .debug_str     0x0000000000000000       0xc4 /usr/lib/gcc/msp430/4.6.3/../../../../msp430/lib/mmpy-16/libc.a(strncmp.o)
                                         0xfd (size before relaxing)
 .debug_str     0x00000000000000c4       0x19 /usr/lib/gcc/msp430/4.6.3/../../../../msp430/lib/mmpy-16/libc.a(memcmp.o)
                                         0xfb (size before relaxing)
 .debug_str     0x00000000000000dd       0x34 /usr/lib/gcc/msp430/4.6.3/../../../../msp430/lib/mmpy-16/libc.a(memcpy.o)
                                        0x116 (size before relaxing)
 .debug_str     0x0000000000000111       0x26 /usr/lib/gcc/msp430/4.6.3/../../../../msp430/lib/mmpy-16/libc.a(memset.o)
                                        0x114 (size before relaxing)
 .debug_str     0x0000000000000137       0x40 /usr/lib/gcc/msp430/4.6.3/../../../../msp430/lib/mmpy-16/libc.a(printf.o)
                                        0x12a (size before relaxing)
 .debug_str     0x0000000000000177      0x221 /usr/lib/gcc/msp430/4.6.3/../../../../msp430/lib/mmpy-16/libc.a(vuprintf.o)
                                        0x375 (size before relaxing)
 .debug_str     0x0000000000000398       0x15 /usr/lib/gcc/msp430/4.6.3/../../../../msp430/lib/mmpy-16/libc.a(puts.o)
                                         0xf0 (size before relaxing)
 .debug_str     0x00000000000003ad       0x2f /usr/lib/gcc/msp430/4.6.3/../../../../msp430/lib/mmpy-16/libc.a(rand.o)
                                        0x10f (size before relaxing)

.debug_loc      0x0000000000000000      0xaf3
 *(.debug_loc)
 .debug_loc     0x0000000000000000       0x38 /usr/lib/gcc/msp430/4.6.3/../../../../msp430/lib/mmpy-16/libc.a(strncmp.o)
 .debug_loc     0x0000000000000038       0x5e /usr/lib/gcc/msp430/4.6.3/../../../../msp430/lib/mmpy-16/libc.a(memcmp.o)
 .debug_loc     0x0000000000000096      0x1f0 /usr/lib/gcc/msp430/4.6.3/../../../../msp430/lib/mmpy-16/libc.a(memcpy.o)
 .debug_loc     0x0000000000000286       0xdb /usr/lib/gcc/msp430/4.6.3/../../../../msp430/lib/mmpy-16/libc.a(memset.o)
 .debug_loc     0x0000000000000361       0x38 /usr/lib/gcc/msp430/4.6.3/../../../../msp430/lib/mmpy-16/libc.a(printf.o)
 .debug_loc     0x0000000000000399      0x705 /usr/lib/gcc/msp430/4.6.3/../../../../msp430/lib/mmpy-16/libc.a(vuprintf.o)
 .debug_loc     0x0000000000000a9e       0x26 /usr/lib/gcc/msp430/4.6.3/../../../../msp430/lib/mmpy-16/libc.a(puts.o)
 .debug_loc     0x0000000000000ac4       0x2f /usr/lib/gcc/msp430/4.6.3/../../../../msp430/lib/mmpy-16/libc.a(rand.o)

.debug_macinfo
 *(.debug_macinfo)

.debug_pubtypes
 *(.debug_pubtypes)

.debug_ranges   0x0000000000000000       0x18
 *(.debug_ranges)
 .debug_ranges  0x0000000000000000       0x18 /usr/lib/gcc/msp430/4.6.3/../../../../msp430/lib/mmpy-16/libc.a(vuprintf.o)
                0x0000000000003900                PROVIDE (__stack, (ORIGIN (ram) + 0x2800))
                0x0000000000008f32                PROVIDE (__data_start_rom, _etext)
                0x0000000000008fa0                PROVIDE (__data_end_rom, (_etext + SIZEOF (.data)))
OUTPUT(hello-world.sky elf32-msp430)
