Archive member included because of file (symbol)

contiki-sky.a(contiki-sky-pla)
                              obj_sky/contiki-sky-main.o (init_platform)
contiki-sky.a(button-sensor.o)
                              contiki-sky.a(contiki-sky-pla) (button_sensor)
contiki-sky.a(ds2411.o)       obj_sky/contiki-sky-main.o (ds2411_init)
contiki-sky.a(xmem.o)         obj_sky/contiki-sky-main.o (xmem_init)
contiki-sky.a(node-id.o)      obj_sky/contiki-sky-main.o (node_id_restore)
contiki-sky.a(sensors.o)      contiki-sky.a(button-sensor.o) (sensors_changed)
contiki-sky.a(cc2420.o)       obj_sky/contiki-sky-main.o (cc2420_set_pan_addr)
contiki-sky.a(cc2420-arch.o)  contiki-sky.a(cc2420.o) (cc2420_arch_init)
contiki-sky.a(uart1.o)        obj_sky/contiki-sky-main.o (uart1_active)
contiki-sky.a(uart1-putchar.o)
                              udp-client.co (putchar)
contiki-sky.a(msp430.o)       contiki-sky.a(uart1.o) (msp430_add_lpm_req)
contiki-sky.a(clock.o)        obj_sky/contiki-sky-main.o (clock_init)
contiki-sky.a(leds.o)         obj_sky/contiki-sky-main.o (leds_init)
contiki-sky.a(leds-arch.o)    contiki-sky.a(leds.o) (leds_arch_init)
contiki-sky.a(watchdog.o)     obj_sky/contiki-sky-main.o (watchdog_start)
contiki-sky.a(rtimer-arch.o)  obj_sky/contiki-sky-main.o (rtimer_arch_now)
contiki-sky.a(autostart.o)    obj_sky/contiki-sky-main.o (autostart_start)
contiki-sky.a(energest.o)     obj_sky/contiki-sky-main.o (energest_init)
contiki-sky.a(ctimer.o)       obj_sky/contiki-sky-main.o (ctimer_init)
contiki-sky.a(etimer.o)       contiki-sky.a(clock.o) (etimer_request_poll)
contiki-sky.a(process.o)      udp-client.co (process_current)
contiki-sky.a(rtimer.o)       obj_sky/contiki-sky-main.o (rtimer_init)
contiki-sky.a(timer.o)        obj_sky/contiki-sky-main.o (timer_set)
contiki-sky.a(list.o)         contiki-sky.a(ctimer.o) (list_init)
contiki-sky.a(random.o)       obj_sky/contiki-sky-main.o (random_init)
contiki-sky.a(uip-ds6.o)      udp-client.co (uip_ds6_if)
contiki-sky.a(uip-ds6-route.o)
                              contiki-sky.a(uip-ds6.o) (uip_ds6_route_init)
contiki-sky.a(uip6.o)         udp-client.co (uip_len)
contiki-sky.a(uip-ds6-nbr.o)  contiki-sky.a(uip-ds6.o) (uip_ds6_neighbors_init)
contiki-sky.a(uip-nd6.o)      contiki-sky.a(uip6.o) (uip_nd6_init)
contiki-sky.a(sicslowpan.o)   obj_sky/contiki-sky-main.o (sicslowpan_driver)
contiki-sky.a(uip-debug.o)    udp-client.co (uip_debug_ipaddr_print)
contiki-sky.a(uip-udp-packet.)
                              udp-client.co (uip_udp_packet_send)
contiki-sky.a(tcpip.o)        contiki-sky.a(sicslowpan.o) (tcpip_set_outputfunc)
contiki-sky.a(rpl-dag.o)      contiki-sky.a(tcpip.o) (rpl_repair_root)
contiki-sky.a(rpl-timers.o)   contiki-sky.a(rpl-dag.o) (rpl_reset_dio_timer)
contiki-sky.a(rpl-ext-header.)
                              contiki-sky.a(uip6.o) (rpl_verify_header)
contiki-sky.a(rpl.o)          contiki-sky.a(rpl-timers.o) (rpl_get_mode)
contiki-sky.a(rpl-mrhof.o)    contiki-sky.a(rpl-dag.o) (rpl_mrhof)
contiki-sky.a(framer-802154.o)
                              contiki-sky.a(sicslowpan.o) (framer_802154)
contiki-sky.a(csma.o)         obj_sky/contiki-sky-main.o (csma_driver)
contiki-sky.a(queuebuf.o)     obj_sky/contiki-sky-main.o (queuebuf_init)
contiki-sky.a(nbr-table.o)    contiki-sky.a(uip-ds6-route.o) (nbr_table_register)
contiki-sky.a(packetbuf.o)    contiki-sky.a(queuebuf.o) (packetbuf_copyto)
contiki-sky.a(linkaddr.o)     obj_sky/contiki-sky-main.o (linkaddr_copy)
contiki-sky.a(contikimac.o)   obj_sky/contiki-sky-main.o (contikimac_driver)
contiki-sky.a(nullsec.o)      obj_sky/contiki-sky-main.o (nullsec_driver)
contiki-sky.a(spi.o)          contiki-sky.a(xmem.o) (spi_init)
contiki-sky.a(stimer.o)       contiki-sky.a(uip-ds6.o) (stimer_set)
contiki-sky.a(compower.o)     contiki-sky.a(contikimac.o) (compower_accumulate)
contiki-sky.a(memb.o)         contiki-sky.a(uip-ds6-route.o) (memb_init)
contiki-sky.a(uip-icmp6.o)    contiki-sky.a(uip6.o) (uip_icmp6_input)
contiki-sky.a(rpl-icmp6.o)    contiki-sky.a(rpl-timers.o) (dis_output)
contiki-sky.a(mac-sequence.o)
                              contiki-sky.a(contikimac.o) (mac_sequence_is_duplicate)
contiki-sky.a(frame802154.o)  contiki-sky.a(framer-802154.o) (frame802154_get_pan_id)
contiki-sky.a(mac.o)          contiki-sky.a(csma.o) (mac_call_sent_callback)
/usr/lib/gcc/msp430/4.6.3/mmpy-16/libgcc.a(_mulsi3.o)
                              contiki-sky.a(rpl-dag.o) (__mulsi3)
/usr/lib/gcc/msp430/4.6.3/mmpy-16/libgcc.a(_udivmod16.o)
                              contiki-sky.a(rpl-dag.o) (__udivhi3)
/usr/lib/gcc/msp430/4.6.3/mmpy-16/libgcc.a(_divmod16.o)
                              contiki-sky.a(sicslowpan.o) (__divhi3)
/usr/lib/gcc/msp430/4.6.3/mmpy-16/libgcc.a(_udivmod32.o)
                              obj_sky/contiki-sky-main.o (__udivsi3)
/usr/lib/gcc/msp430/4.6.3/../../../../msp430/lib/mmpy-16/libc.a(strncmp.o)
                              contiki-sky.a(sensors.o) (strncmp)
[...]
Memory Configuration

Name             Origin             Length             Attributes
sfr              0x0000000000000000 0x0000000000000010
peripheral_8bit  0x0000000000000010 0x00000000000000f0
peripheral_16bit 0x0000000000000100 0x0000000000000100
ram_mirror       0x0000000000000200 0x0000000000000800 xw
infomem          0x0000000000001000 0x0000000000000100
infob            0x0000000000001000 0x0000000000000080
infoa            0x0000000000001080 0x0000000000000080
ram              0x0000000000001100 0x0000000000002800 xw
rom              0x0000000000004000 0x000000000000bfe0 xr
vectors          0x000000000000ffe0 0x0000000000000020
bsl              0x0000000000000000 0x0000000000000000
infoc            0x0000000000000000 0x0000000000000000
infod            0x0000000000000000 0x0000000000000000
ram2             0x0000000000000000 0x0000000000000000 xw
usbram           0x0000000000000000 0x0000000000000000 xw
far_rom          0x0000000000000000 0x0000000000000000
*default*        0x0000000000000000 0xffffffffffffffff

Linker script and memory map

LOAD /usr/lib/gcc/msp430/4.6.3/mmpy-16/crt0ivtbl16.o
LOAD udp-client.co
LOAD obj_sky/contiki-sky-main.o
LOAD contiki-sky.a
LOAD /usr/lib/gcc/msp430/4.6.3/mmpy-16/libgcc.a
LOAD /usr/lib/gcc/msp430/4.6.3/../../../../msp430/lib/mmpy-16/libc.a
LOAD /usr/lib/gcc/msp430/4.6.3/mmpy-16/libgcc.a
LOAD /usr/lib/gcc/msp430/4.6.3/mmpy-16/libcrt0.a
                0x0000000000000080                PROVIDE (__info_segment_size, 0x80)
                0x0000000000001000                PROVIDE (__infob, 0x1000)
                0x0000000000001080                PROVIDE (__infoa, 0x1080)
                0x0000000000000000                __IE1 = 0x0
                0x0000000000000002                __IFG1 = 0x2
                0x0000000000000004                __ME1 = 0x4
                0x0000000000000001                __IE2 = 0x1
                0x0000000000000003                __IFG2 = 0x3
                0x0000000000000005                __ME2 = 0x5
                0x0000000000000120                __WDTCTL = 0x120
                0x0000000000000130                __MPY = 0x130
                0x0000000000000132                __MPYS = 0x132
                0x0000000000000134                __MAC = 0x134
                0x0000000000000136                __MACS = 0x136
                0x0000000000000138                __OP2 = 0x138
                0x000000000000013a                __RESLO = 0x13a
                0x000000000000013c                __RESHI = 0x13c
                0x000000000000013e                __SUMEXT = 0x13e
                0x0000000000000020                __P1IN = 0x20
                0x0000000000000021                __P1OUT = 0x21
                0x0000000000000022                __P1DIR = 0x22
                0x0000000000000023                __P1IFG = 0x23
                0x0000000000000024                __P1IES = 0x24
                0x0000000000000025                __P1IE = 0x25
                0x0000000000000026                __P1SEL = 0x26
                0x0000000000000028                __P2IN = 0x28
                0x0000000000000029                __P2OUT = 0x29
                0x000000000000002a                __P2DIR = 0x2a
                0x000000000000002b                __P2IFG = 0x2b
                0x000000000000002c                __P2IES = 0x2c
                0x000000000000002d                __P2IE = 0x2d
                0x000000000000002e                __P2SEL = 0x2e
                0x0000000000000018                __P3IN = 0x18
                0x0000000000000019                __P3OUT = 0x19
                0x000000000000001a                __P3DIR = 0x1a
                0x000000000000001b                __P3SEL = 0x1b
                0x000000000000001c                __P4IN = 0x1c
                0x000000000000001d                __P4OUT = 0x1d
                0x000000000000001e                __P4DIR = 0x1e
                0x000000000000001f                __P4SEL = 0x1f
                0x0000000000000030                __P5IN = 0x30
                0x0000000000000031                __P5OUT = 0x31
                0x0000000000000032                __P5DIR = 0x32
                0x0000000000000033                __P5SEL = 0x33
                0x0000000000000034                __P6IN = 0x34
                0x0000000000000035                __P6OUT = 0x35
                0x0000000000000036                __P6DIR = 0x36
                0x0000000000000037                __P6SEL = 0x37
                0x0000000000000070                __U0CTL = 0x70
                0x0000000000000071                __U0TCTL = 0x71
                0x0000000000000072                __U0RCTL = 0x72
                0x0000000000000073                __U0MCTL = 0x73
                0x0000000000000074                __U0BR0 = 0x74
                0x0000000000000075                __U0BR1 = 0x75
                0x0000000000000076                __U0RXBUF = 0x76
                0x0000000000000077                __U0TXBUF = 0x77
                0x0000000000000078                __U1CTL = 0x78
                0x0000000000000079                __U1TCTL = 0x79
                0x000000000000007a                __U1RCTL = 0x7a
                0x000000000000007b                __U1MCTL = 0x7b
                0x000000000000007c                __U1BR0 = 0x7c
                0x000000000000007d                __U1BR1 = 0x7d
                0x000000000000007e                __U1RXBUF = 0x7e
                0x000000000000007f                __U1TXBUF = 0x7f
                0x0000000000000050                __I2CIE = 0x50
                0x0000000000000051                __I2CIFG = 0x51
                0x0000000000000052                __I2CNDAT = 0x52
                0x0000000000000071                __I2CTCTL = 0x71
                0x0000000000000072                __I2CDCTL = 0x72
                0x0000000000000073                __I2CPSC = 0x73
                0x0000000000000074                __I2CSCLH = 0x74
                0x0000000000000075                __I2CSCLL = 0x75
                0x0000000000000076                __I2CDRB = 0x76
                0x0000000000000076                __I2CDRW = 0x76
                0x0000000000000118                __I2COA = 0x118
                0x000000000000011a                __I2CSA = 0x11a
                0x000000000000011c                __I2CIV = 0x11c
                0x000000000000012e                __TAIV = 0x12e
                0x0000000000000160                __TACTL = 0x160
                0x0000000000000162                __TACCTL0 = 0x162
                0x0000000000000164                __TACCTL1 = 0x164
                0x0000000000000166                __TACCTL2 = 0x166
                0x0000000000000170                __TAR = 0x170
                0x0000000000000172                __TACCR0 = 0x172
                0x0000000000000174                __TACCR1 = 0x174
                0x0000000000000176                __TACCR2 = 0x176
                0x000000000000011e                __TBIV = 0x11e
                0x0000000000000180                __TBCTL = 0x180
                0x0000000000000182                __TBCCTL0 = 0x182
                0x0000000000000184                __TBCCTL1 = 0x184
                0x0000000000000186                __TBCCTL2 = 0x186
                0x0000000000000188                __TBCCTL3 = 0x188
                0x000000000000018a                __TBCCTL4 = 0x18a
                0x000000000000018c                __TBCCTL5 = 0x18c
                0x000000000000018e                __TBCCTL6 = 0x18e
                0x0000000000000190                __TBR = 0x190
                0x0000000000000192                __TBCCR0 = 0x192
                0x0000000000000194                __TBCCR1 = 0x194
                0x0000000000000196                __TBCCR2 = 0x196
                0x0000000000000198                __TBCCR3 = 0x198
                0x000000000000019a                __TBCCR4 = 0x19a
                0x000000000000019c                __TBCCR5 = 0x19c
                0x000000000000019e                __TBCCR6 = 0x19e
                0x0000000000000056                __DCOCTL = 0x56
                0x0000000000000057                __BCSCTL1 = 0x57
                0x0000000000000058                __BCSCTL2 = 0x58
                0x0000000000000055                __SVSCTL = 0x55
                0x0000000000000128                __FCTL1 = 0x128
                0x000000000000012a                __FCTL2 = 0x12a
                0x000000000000012c                __FCTL3 = 0x12c
                0x0000000000000059                __CACTL1 = 0x59
                0x000000000000005a                __CACTL2 = 0x5a
                0x000000000000005b                __CAPD = 0x5b
                0x00000000000001a0                __ADC12CTL0 = 0x1a0
                0x00000000000001a2                __ADC12CTL1 = 0x1a2
                0x00000000000001a4                __ADC12IFG = 0x1a4
                0x00000000000001a6                __ADC12IE = 0x1a6
                0x00000000000001a8                __ADC12IV = 0x1a8
                0x0000000000000140                __ADC12MEM0 = 0x140
                0x0000000000000142                __ADC12MEM1 = 0x142
                0x0000000000000144                __ADC12MEM2 = 0x144
                0x0000000000000146                __ADC12MEM3 = 0x146
                0x0000000000000148                __ADC12MEM4 = 0x148
                0x000000000000014a                __ADC12MEM5 = 0x14a
                0x000000000000014c                __ADC12MEM6 = 0x14c
                0x000000000000014e                __ADC12MEM7 = 0x14e
                0x0000000000000150                __ADC12MEM8 = 0x150
                0x0000000000000152                __ADC12MEM9 = 0x152
                0x0000000000000154                __ADC12MEM10 = 0x154
                0x0000000000000156                __ADC12MEM11 = 0x156
                0x0000000000000158                __ADC12MEM12 = 0x158
                0x000000000000015a                __ADC12MEM13 = 0x15a
                0x000000000000015c                __ADC12MEM14 = 0x15c
                0x000000000000015e                __ADC12MEM15 = 0x15e
                0x0000000000000080                __ADC12MCTL0 = 0x80
                0x0000000000000081                __ADC12MCTL1 = 0x81
                0x0000000000000082                __ADC12MCTL2 = 0x82
                0x0000000000000083                __ADC12MCTL3 = 0x83
                0x0000000000000084                __ADC12MCTL4 = 0x84
                0x0000000000000085                __ADC12MCTL5 = 0x85
                0x0000000000000086                __ADC12MCTL6 = 0x86
                0x0000000000000087                __ADC12MCTL7 = 0x87
                0x0000000000000088                __ADC12MCTL8 = 0x88
                0x0000000000000089                __ADC12MCTL9 = 0x89
                0x000000000000008a                __ADC12MCTL10 = 0x8a
                0x000000000000008b                __ADC12MCTL11 = 0x8b
                0x000000000000008c                __ADC12MCTL12 = 0x8c
                0x000000000000008d                __ADC12MCTL13 = 0x8d
                0x000000000000008e                __ADC12MCTL14 = 0x8e
                0x000000000000008f                __ADC12MCTL15 = 0x8f
                0x00000000000001c0                __DAC12_0CTL = 0x1c0
                0x00000000000001c2                __DAC12_1CTL = 0x1c2
                0x00000000000001c8                __DAC12_0DAT = 0x1c8
                0x00000000000001ca                __DAC12_1DAT = 0x1ca
                0x0000000000000122                __DMACTL0 = 0x122
                0x0000000000000124                __DMACTL1 = 0x124
                0x00000000000001e0                __DMA0CTL = 0x1e0
                0x00000000000001e8                __DMA1CTL = 0x1e8
                0x00000000000001f0                __DMA2CTL = 0x1f0
                0x00000000000001e2                __DMA0SA = 0x1e2
                0x00000000000001e4                __DMA0DA = 0x1e4
                0x00000000000001e6                __DMA0SZ = 0x1e6
                0x00000000000001ea                __DMA1SA = 0x1ea
                0x00000000000001ec                __DMA1DA = 0x1ec
                0x00000000000001ee                __DMA1SZ = 0x1ee
                0x00000000000001f2                __DMA2SA = 0x1f2
                0x00000000000001f4                __DMA2DA = 0x1f4
                0x00000000000001f6                __DMA2SZ = 0x1f6

.hash
 *(.hash)

.dynsym
 *(.dynsym)

.dynstr
 *(.dynstr)

.gnu.version
 *(.gnu.version)

.gnu.version_d
 *(.gnu.version_d)

.gnu.version_r
 *(.gnu.version_r)

.rel.init
 *(.rel.init)

.rela.init
 *(.rela.init)

.rel.fini
 *(.rel.fini)

.rela.fini
 *(.rela.fini)

.rel.text
 *(.rel.text .rel.text.* .rel.gnu.linkonce.t.*)

.rela.text
 *(.rela.text .rela.text.* .rela.gnu.linkonce.t.*)

.rel.rodata
 *(.rel.rodata .rel.rodata.* .rel.gnu.linkonce.r.*)

.rela.rodata
 *(.rela.rodata .rela.rodata.* .rela.gnu.linkonce.r.*)

.rel.data
 *(.rel.data .rel.data.* .rel.gnu.linkonce.d.*)

.rela.data
 *(.rela.data .rela.data.* .rela.gnu.linkonce.d.*)

.rel.bss
 *(.rel.bss .rel.bss.* .rel.gnu.linkonce.b.*)

.rela.bss
 *(.rela.bss .rela.bss.* .rela.gnu.linkonce.b.*)

.rel.ctors
 *(.rel.ctors)

.rela.ctors
 *(.rela.ctors)

.rel.dtors
 *(.rel.dtors)

.rela.dtors
 *(.rela.dtors)

.rel.got
 *(.rel.got)

.rela.got
 *(.rela.got)

.rel.plt
 *(.rel.plt)

.rela.plt
 *(.rela.plt)

.text           0x0000000000004000     0xafd0
                0x0000000000004000                . = ALIGN (0x2)
 *(.init .init.*)
 *(.init0)
 .init0         0x0000000000004000        0x0 /usr/lib/gcc/msp430/4.6.3/mmpy-16/libcrt0.a(_reset_vector__.o)
                0x0000000000004000                _reset_vector__
 *(.init1)
 .init1         0x0000000000004000        0xc /usr/lib/gcc/msp430/4.6.3/mmpy-16/libcrt0.a(__watchdog_support.o)
                0x0000000000004000                __watchdog_support
 *(.init2)
 .init2         0x000000000000400c        0x4 /usr/lib/gcc/msp430/4.6.3/mmpy-16/libcrt0.a(__init_stack.o)
                0x000000000000400c                __init_stack
 *(.init3)
 .init3         0x0000000000004010        0x0 /usr/lib/gcc/msp430/4.6.3/mmpy-16/libcrt0.a(__low_level_init.o)
                0x0000000000004010                __low_level_init
 *(.init4)
 .init4         0x0000000000004010       0x18 /usr/lib/gcc/msp430/4.6.3/mmpy-16/libcrt0.a(_copy_data.o)
                0x0000000000004010                __do_copy_data
 .init4         0x0000000000004028       0x16 /usr/lib/gcc/msp430/4.6.3/mmpy-16/libcrt0.a(_clear_bss.o)
                0x0000000000004028                __do_clear_bss
 *(.init5)
 *(.init6)
 *(.init7)
 *(.init8)
 *(.init9)
 .init9         0x000000000000403e      0x340 obj_sky/contiki-sky-main.o
                0x000000000000403e                main
 *(.fini9)
 .fini9         0x000000000000437e        0x0 /usr/lib/gcc/msp430/4.6.3/mmpy-16/libcrt0.a(__stop_progExec__.o)
                0x000000000000437e                __stop_progExec__
 *(.fini8)
 *(.fini7)
 *(.fini6)
 *(.fini5)
 *(.fini4)
 *(.fini3)
 *(.fini2)
 *(.fini1)
 *(.fini0)
 .fini0         0x000000000000437e        0x6 /usr/lib/gcc/msp430/4.6.3/mmpy-16/libcrt0.a(_endless_loop__.o)
                0x000000000000437e                _endless_loop__
 *(.fini .fini.*)
                0x0000000000004384                . = ALIGN (0x2)
                0x0000000000004384                __ctors_start = .
 *(.ctors)
                0x0000000000004384                __ctors_end = .
                0x0000000000004384                __dtors_start = .
 *(.dtors)
                0x0000000000004384                __dtors_end = .
                0x0000000000004384                . = ALIGN (0x2)
 *(.text .text.* .gnu.linkonce.t.*)
 .text          0x0000000000004384        0x4 /usr/lib/gcc/msp430/4.6.3/mmpy-16/crt0ivtbl16.o
                0x0000000000004384                __isr_14
                0x0000000000004384                __isr_11
                0x0000000000004384                __isr_2
                0x0000000000004384                __isr_7
                0x0000000000004384                __isr_0
                0x0000000000004384                __isr_8
                0x0000000000004384                __isr_3
                0x0000000000004384                __isr_12
                0x0000000000004384                __isr_13
                0x0000000000004384                __isr_9
 .text.process_thread_udp_client_process
                0x0000000000004388      0x212 udp-client.co
 .text.send_packet
                0x000000000000459a       0xca udp-client.co
 .text.init_platform
                0x0000000000004664        0xc contiki-sky.a(contiki-sky-pla)
                0x0000000000004664                init_platform
 .text.status   0x0000000000004670       0x16 contiki-sky.a(button-sensor.o)
 .text.configure
                0x0000000000004686       0x52 contiki-sky.a(button-sensor.o)
 .text.value    0x00000000000046d8       0x22 contiki-sky.a(button-sensor.o)
 .text.irq_p2   0x00000000000046fa       0x8a contiki-sky.a(button-sensor.o)
                0x00000000000046fa                irq_p2
                0x00000000000046fa                __isr_1
 .text.owreadb  0x0000000000004784       0x52 contiki-sky.a(ds2411.o)
 .text.ds2411_init
                0x00000000000047d6      0x122 contiki-sky.a(ds2411.o)
                0x00000000000047d6                ds2411_init
 .text.wait_ready
                0x00000000000048f8       0x50 contiki-sky.a(xmem.o)
 .text.xmem_init
                0x0000000000004948       0x3e contiki-sky.a(xmem.o)
                0x0000000000004948                xmem_init
 .text.xmem_pread
                0x0000000000004986       0xea contiki-sky.a(xmem.o)
                0x0000000000004986                xmem_pread
 .text.node_id_restore
                0x0000000000004a70       0x38 contiki-sky.a(node-id.o)
                0x0000000000004a70                node_id_restore
 .text.process_thread_sensors_process
                0x0000000000004aa8       0xbe contiki-sky.a(sensors.o)
 .text.sensors_changed
                0x0000000000004b66       0x2a contiki-sky.a(sensors.o)
                0x0000000000004b66                sensors_changed
 .text.get_object
                0x0000000000004b90        0x4 contiki-sky.a(cc2420.o)
 .text.set_object
                0x0000000000004b94        0x4 contiki-sky.a(cc2420.o)
 .text.strobe   0x0000000000004b98       0x20 contiki-sky.a(cc2420.o)
 .text.getreg   0x0000000000004bb8       0x54 contiki-sky.a(cc2420.o)
 .text.setreg   0x0000000000004c0c       0x52 contiki-sky.a(cc2420.o)
 .text.write_ram
                0x0000000000004c5e       0x80 contiki-sky.a(cc2420.o)
 .text.write_fifo_buf
                0x0000000000004cde       0x40 contiki-sky.a(cc2420.o)
 .text.get_status
                0x0000000000004d1e       0x24 contiki-sky.a(cc2420.o)
 .text.set_txpower
                0x0000000000004d42       0x26 contiki-sky.a(cc2420.o)
 .text.cc2420_receiving_packet
                0x0000000000004d68        0xe contiki-sky.a(cc2420.o)
 .text.pending_packet
                0x0000000000004d76        0x8 contiki-sky.a(cc2420.o)
 .text.on       0x0000000000004d7e       0x26 contiki-sky.a(cc2420.o)
 .text.wait_for_transmission
                0x0000000000004da4       0x22 contiki-sky.a(cc2420.o)
 .text.wait_for_status
                0x0000000000004dc6       0x2a contiki-sky.a(cc2420.o)
 .text.getrxdata
                0x0000000000004df0       0x56 contiki-sky.a(cc2420.o)
 .text.flushrx  0x0000000000004e46       0x1a contiki-sky.a(cc2420.o)
 .text.off      0x0000000000004e60       0x62 contiki-sky.a(cc2420.o)
 .text.RELEASE_LOCK
                0x0000000000004ec2       0x28 contiki-sky.a(cc2420.o)
 .text.set_key  0x0000000000004eea       0x18 contiki-sky.a(cc2420.o)
 .text.set_frame_filtering
                0x0000000000004f02       0x30 contiki-sky.a(cc2420.o)
 .text.set_auto_ack
                0x0000000000004f32       0x30 contiki-sky.a(cc2420.o)
 .text.set_poll_mode
                0x0000000000004f62       0x36 contiki-sky.a(cc2420.o)
 .text.cc2420_prepare
                0x0000000000004f98       0x3c contiki-sky.a(cc2420.o)
 .text.cc2420_on
                0x0000000000004fd4       0x22 contiki-sky.a(cc2420.o)
                0x0000000000004fd4                cc2420_on
 .text.cc2420_off
                0x0000000000004ff6       0x30 contiki-sky.a(cc2420.o)
                0x0000000000004ff6                cc2420_off
 .text.cc2420_cca
                0x0000000000005026       0x5e contiki-sky.a(cc2420.o)
 .text.cc2420_read
                0x0000000000005084       0xc0 contiki-sky.a(cc2420.o)
 .text.process_thread_cc2420_process
                0x0000000000005144       0x58 contiki-sky.a(cc2420.o)
 .text.encrypt  0x000000000000519c       0x8e contiki-sky.a(cc2420.o)
 .text.cc2420_set_channel
                0x000000000000522a       0x3c contiki-sky.a(cc2420.o)
                0x000000000000522a                cc2420_set_channel
 .text.cc2420_set_pan_addr
                0x0000000000005266       0x4c contiki-sky.a(cc2420.o)
                0x0000000000005266                cc2420_set_pan_addr
 .text.cc2420_interrupt
                0x00000000000052b2       0x18 contiki-sky.a(cc2420.o)
                0x00000000000052b2                cc2420_interrupt
 .text.cc2420_set_txpower
                0x00000000000052ca        0xe contiki-sky.a(cc2420.o)
                0x00000000000052ca                cc2420_set_txpower
 .text.cc2420_get_txpower
                0x00000000000052d8       0x1e contiki-sky.a(cc2420.o)
                0x00000000000052d8                cc2420_get_txpower
 .text.cc2420_transmit
                0x00000000000052f6      0x114 contiki-sky.a(cc2420.o)
 .text.cc2420_send
                0x000000000000540a       0x12 contiki-sky.a(cc2420.o)
 .text.cc2420_rssi
                0x000000000000541c       0x4c contiki-sky.a(cc2420.o)
                0x000000000000541c                cc2420_rssi
 .text.get_value
                0x0000000000005468      0x108 contiki-sky.a(cc2420.o)
 .text.cc2420_set_cca_threshold
                0x0000000000005570       0x16 contiki-sky.a(cc2420.o)
                0x0000000000005570                cc2420_set_cca_threshold
 .text.set_value
                0x0000000000005586       0xba contiki-sky.a(cc2420.o)
 .text.cc2420_init
                0x0000000000005640       0xf0 contiki-sky.a(cc2420.o)
                0x0000000000005640                cc2420_init
 .text.cc2420_port1_interrupt
                0x0000000000005730       0x62 contiki-sky.a(cc2420-arch.o)
                0x0000000000005730                __isr_4
                0x0000000000005730                cc2420_port1_interrupt
 .text.cc2420_arch_init
                0x0000000000005792       0x1a contiki-sky.a(cc2420-arch.o)
                0x0000000000005792                cc2420_arch_init
 .text.uart1_active
                0x00000000000057ac       0x1a contiki-sky.a(uart1.o)
                0x00000000000057ac                uart1_active
 .text.uart1_writeb
                0x00000000000057c6       0x1a contiki-sky.a(uart1.o)
                0x00000000000057c6                uart1_writeb
 .text.uart1_init
                0x00000000000057e0       0xf6 contiki-sky.a(uart1.o)
                0x00000000000057e0                uart1_init
 .text.putchar  0x00000000000058d6       0x10 contiki-sky.a(uart1-putchar.o)
                0x00000000000058d6                putchar
 .text.msp430_init_dco
                0x00000000000058e6       0x84 contiki-sky.a(msp430.o)
                0x00000000000058e6                msp430_init_dco
 .text.msp430_add_lpm_req
                0x000000000000596a        0xc contiki-sky.a(msp430.o)
                0x000000000000596a                msp430_add_lpm_req
 .text.msp430_cpu_init
                0x0000000000005976       0x2a contiki-sky.a(msp430.o)
                0x0000000000005976                msp430_cpu_init
 .text.splhigh_
                0x00000000000059a0        0x8 contiki-sky.a(msp430.o)
                0x00000000000059a0                splhigh_
 .text.msp430_sync_dco
                0x00000000000059a8       0x68 contiki-sky.a(msp430.o)
                0x00000000000059a8                msp430_sync_dco
 .text.timera1  0x0000000000005a10      0x11e contiki-sky.a(clock.o)
                0x0000000000005a10                __isr_5
                0x0000000000005a10                timera1
 .text.clock_time
                0x0000000000005b2e       0x1a contiki-sky.a(clock.o)
                0x0000000000005b2e                clock_time
 .text.clock_init
                0x0000000000005b48       0x28 contiki-sky.a(clock.o)
                0x0000000000005b48                clock_init
 .text.clock_delay
                0x0000000000005b70        0xc contiki-sky.a(clock.o)
                0x0000000000005b70                clock_delay
 .text.clock_seconds
                0x0000000000005b7c       0x1a contiki-sky.a(clock.o)
                0x0000000000005b7c                clock_seconds
 .text.show_leds
                0x0000000000005b96       0xf6 contiki-sky.a(leds.o)
 .text.leds_init
                0x0000000000005c8c        0xa contiki-sky.a(leds.o)
                0x0000000000005c8c                leds_init
 .text.leds_on  0x0000000000005c96        0xa contiki-sky.a(leds.o)
                0x0000000000005c96                leds_on
 .text.leds_off
                0x0000000000005ca0        0xe contiki-sky.a(leds.o)
                0x0000000000005ca0                leds_off
 .text.leds_arch_init
                0x0000000000005cae        0xe contiki-sky.a(leds-arch.o)
                0x0000000000005cae                leds_arch_init
 .text.leds_arch_set
                0x0000000000005cbc       0x3a contiki-sky.a(leds-arch.o)
                0x0000000000005cbc                leds_arch_set
 .text.watchdog_interrupt
                0x0000000000005cf6        0x6 contiki-sky.a(watchdog.o)
                0x0000000000005cf6                __isr_10
                0x0000000000005cf6                watchdog_interrupt
 .text.watchdog_start
                0x0000000000005cfc       0x14 contiki-sky.a(watchdog.o)
                0x0000000000005cfc                watchdog_start
 .text.watchdog_periodic
                0x0000000000005d10       0x12 contiki-sky.a(watchdog.o)
                0x0000000000005d10                watchdog_periodic
 .text.watchdog_stop
                0x0000000000005d22       0x16 contiki-sky.a(watchdog.o)
                0x0000000000005d22                watchdog_stop
 .text.watchdog_init
                0x0000000000005d38       0x14 contiki-sky.a(watchdog.o)
                0x0000000000005d38                watchdog_init
 .text.rtimer_arch_init
                0x0000000000005d4c        0xe contiki-sky.a(rtimer-arch.o)
                0x0000000000005d4c                rtimer_arch_init
 .text.rtimer_arch_now
                0x0000000000005d5a        0xe contiki-sky.a(rtimer-arch.o)
                0x0000000000005d5a                rtimer_arch_now
 .text.timera0  0x0000000000005d68       0x70 contiki-sky.a(rtimer-arch.o)
                0x0000000000005d68                __isr_6
                0x0000000000005d68                timera0
 .text.rtimer_arch_schedule
                0x0000000000005dd8        0x6 contiki-sky.a(rtimer-arch.o)
                0x0000000000005dd8                rtimer_arch_schedule
 .text.autostart_start
                0x0000000000005dde       0x16 contiki-sky.a(autostart.o)
                0x0000000000005dde                autostart_start
 .text.energest_init
                0x0000000000005df4       0x28 contiki-sky.a(energest.o)
                0x0000000000005df4                energest_init
 .text.energest_type_time
                0x0000000000005e1c       0x46 contiki-sky.a(energest.o)
                0x0000000000005e1c                energest_type_time
 .text.energest_type_set
                0x0000000000005e62        0xe contiki-sky.a(energest.o)
                0x0000000000005e62                energest_type_set
 .text.energest_flush
                0x0000000000005e70       0x48 contiki-sky.a(energest.o)
                0x0000000000005e70                energest_flush
 .text.process_thread_ctimer_process
                0x0000000000005eb8       0xa4 contiki-sky.a(ctimer.o)
 .text.ctimer_init
                0x0000000000005f5c       0x18 contiki-sky.a(ctimer.o)
                0x0000000000005f5c                ctimer_init
 .text.ctimer_set_with_process
                0x0000000000005f74       0x4e contiki-sky.a(ctimer.o)
                0x0000000000005f74                ctimer_set_with_process
 .text.ctimer_set
                0x0000000000005fc2       0x10 contiki-sky.a(ctimer.o)
                0x0000000000005fc2                ctimer_set
 .text.ctimer_reset
                0x0000000000005fd2       0x30 contiki-sky.a(ctimer.o)
                0x0000000000005fd2                ctimer_reset
 .text.ctimer_stop
                0x0000000000006002       0x28 contiki-sky.a(ctimer.o)
                0x0000000000006002                ctimer_stop
 .text.update_time
                0x000000000000602a       0x78 contiki-sky.a(etimer.o)
 .text.etimer_request_poll
                0x00000000000060a2        0xa contiki-sky.a(etimer.o)
                0x00000000000060a2                etimer_request_poll
 .text.process_thread_etimer_process
                0x00000000000060ac       0xc8 contiki-sky.a(etimer.o)
 .text.add_timer
                0x0000000000006174       0x40 contiki-sky.a(etimer.o)
 .text.etimer_set
                0x00000000000061b4       0x12 contiki-sky.a(etimer.o)
                0x00000000000061b4                etimer_set
 .text.etimer_reset
                0x00000000000061c6       0x12 contiki-sky.a(etimer.o)
                0x00000000000061c6                etimer_reset
 .text.etimer_restart
                0x00000000000061d8       0x12 contiki-sky.a(etimer.o)
                0x00000000000061d8                etimer_restart
 .text.etimer_expired
                0x00000000000061ea        0xe contiki-sky.a(etimer.o)
                0x00000000000061ea                etimer_expired
 .text.etimer_expiration_time
                0x00000000000061f8       0x14 contiki-sky.a(etimer.o)
                0x00000000000061f8                etimer_expiration_time
 .text.etimer_pending
                0x000000000000620c        0xc contiki-sky.a(etimer.o)
                0x000000000000620c                etimer_pending
 .text.etimer_next_expiration_time
                0x0000000000006218       0x16 contiki-sky.a(etimer.o)
                0x0000000000006218                etimer_next_expiration_time
 .text.etimer_stop
                0x000000000000622e       0x3c contiki-sky.a(etimer.o)
                0x000000000000622e                etimer_stop
 .text.call_process
                0x000000000000626a       0x4a contiki-sky.a(process.o)
 .text.exit_process
                0x00000000000062b4       0x96 contiki-sky.a(process.o)
 .text.do_poll  0x000000000000634a       0x30 contiki-sky.a(process.o)
 .text.process_alloc_event
                0x000000000000637a        0xe contiki-sky.a(process.o)
                0x000000000000637a                process_alloc_event
 .text.process_init
                0x0000000000006388       0x1c contiki-sky.a(process.o)
                0x0000000000006388                process_init
 .text.process_run
                0x00000000000063a4       0xa2 contiki-sky.a(process.o)
                0x00000000000063a4                process_run
 .text.process_nevents
                0x0000000000006446        0xe contiki-sky.a(process.o)
                0x0000000000006446                process_nevents
 .text.process_post
                0x0000000000006454       0x54 contiki-sky.a(process.o)
                0x0000000000006454                process_post
 .text.process_post_synch
                0x00000000000064a8       0x12 contiki-sky.a(process.o)
                0x00000000000064a8                process_post_synch
 .text.process_start
                0x00000000000064ba       0x32 contiki-sky.a(process.o)
                0x00000000000064ba                process_start
 .text.process_poll
                0x00000000000064ec       0x18 contiki-sky.a(process.o)
                0x00000000000064ec                process_poll
 .text.rtimer_init
                0x0000000000006504        0x6 contiki-sky.a(rtimer.o)
                0x0000000000006504                rtimer_init
 .text.rtimer_set
                0x000000000000650a       0x24 contiki-sky.a(rtimer.o)
                0x000000000000650a                rtimer_set
 .text.rtimer_run_next
                0x000000000000652e       0x26 contiki-sky.a(rtimer.o)
                0x000000000000652e                rtimer_run_next
 .text.timer_set
                0x0000000000006554       0x1c contiki-sky.a(timer.o)
                0x0000000000006554                timer_set
 .text.timer_reset
                0x0000000000006570        0xe contiki-sky.a(timer.o)
                0x0000000000006570                timer_reset
 .text.timer_restart
                0x000000000000657e       0x14 contiki-sky.a(timer.o)
                0x000000000000657e                timer_restart
 .text.timer_expired
                0x0000000000006592       0x2a contiki-sky.a(timer.o)
                0x0000000000006592                timer_expired
 .text.list_init
                0x00000000000065bc        0x6 contiki-sky.a(list.o)
                0x00000000000065bc                list_init
 .text.list_head
                0x00000000000065c2        0x4 contiki-sky.a(list.o)
                0x00000000000065c2                list_head
 .text.list_tail
                0x00000000000065c6       0x12 contiki-sky.a(list.o)
                0x00000000000065c6                list_tail
 .text.list_remove
                0x00000000000065d8       0x34 contiki-sky.a(list.o)
                0x00000000000065d8                list_remove
 .text.list_push
                0x000000000000660c       0x1a contiki-sky.a(list.o)
                0x000000000000660c                list_push
 .text.list_add
                0x0000000000006626       0x2a contiki-sky.a(list.o)
                0x0000000000006626                list_add
 .text.list_length
                0x0000000000006650       0x10 contiki-sky.a(list.o)
                0x0000000000006650                list_length
 .text.list_item_next
                0x0000000000006660        0xc contiki-sky.a(list.o)
                0x0000000000006660                list_item_next
 .text.random_init
                0x000000000000666c        0x6 contiki-sky.a(random.o)
                0x000000000000666c                random_init
 .text.random_rand
                0x0000000000006672        0x6 contiki-sky.a(random.o)
                0x0000000000006672                random_rand
 .text.uip_ds6_list_loop
                0x0000000000006678       0x86 contiki-sky.a(uip-ds6.o)
                0x0000000000006678                uip_ds6_list_loop
 .text.uip_ds6_prefix_add
                0x00000000000066fe       0x80 contiki-sky.a(uip-ds6.o)
                0x00000000000066fe                uip_ds6_prefix_add
 .text.uip_ds6_is_addr_onlink
                0x000000000000677e       0x54 contiki-sky.a(uip-ds6.o)
                0x000000000000677e                uip_ds6_is_addr_onlink
 .text.uip_ds6_addr_lookup
                0x00000000000067d2       0x2a contiki-sky.a(uip-ds6.o)
                0x00000000000067d2                uip_ds6_addr_lookup
 .text.uip_ds6_get_link_local
                0x00000000000067fc       0x3e contiki-sky.a(uip-ds6.o)
                0x00000000000067fc                uip_ds6_get_link_local
 .text.uip_ds6_maddr_add
                0x000000000000683a       0x4c contiki-sky.a(uip-ds6.o)
                0x000000000000683a                uip_ds6_maddr_add
 .text.uip_ds6_addr_add
                0x0000000000006886       0xc4 contiki-sky.a(uip-ds6.o)
                0x0000000000006886                uip_ds6_addr_add
 .text.uip_ds6_maddr_lookup
                0x000000000000694a       0x2a contiki-sky.a(uip-ds6.o)
                0x000000000000694a                uip_ds6_maddr_lookup
 .text.uip_ds6_addr_rm
                0x0000000000006974       0x54 contiki-sky.a(uip-ds6.o)
                0x0000000000006974                uip_ds6_addr_rm
 .text.uip_ds6_periodic
                0x00000000000069c8       0x4a contiki-sky.a(uip-ds6.o)
                0x00000000000069c8                uip_ds6_periodic
 .text.uip_ds6_set_addr_iid
                0x0000000000006a12       0x14 contiki-sky.a(uip-ds6.o)
                0x0000000000006a12                uip_ds6_set_addr_iid
 .text.get_match_length
                0x0000000000006a26       0x3e contiki-sky.a(uip-ds6.o)
                0x0000000000006a26                get_match_length
 .text.uip_ds6_select_src
                0x0000000000006a64       0xaa contiki-sky.a(uip-ds6.o)
                0x0000000000006a64                uip_ds6_select_src
 .text.uip_ds6_compute_reachable_time
                0x0000000000006b0e       0x3e contiki-sky.a(uip-ds6.o)
                0x0000000000006b0e                uip_ds6_compute_reachable_time
 .text.uip_ds6_init
                0x0000000000006b4c      0x154 contiki-sky.a(uip-ds6.o)
                0x0000000000006b4c                uip_ds6_init
 .text.call_route_callback
                0x0000000000006ca0       0x4c contiki-sky.a(uip-ds6-route.o)
 .text.uip_ds6_route_init
                0x0000000000006cec       0x36 contiki-sky.a(uip-ds6-route.o)
                0x0000000000006cec                uip_ds6_route_init
 .text.uip_ds6_route_nexthop
                0x0000000000006d22       0x1a contiki-sky.a(uip-ds6-route.o)
                0x0000000000006d22                uip_ds6_route_nexthop
 .text.uip_ds6_route_head
                0x0000000000006d3c        0xa contiki-sky.a(uip-ds6-route.o)
                0x0000000000006d3c                uip_ds6_route_head
 .text.uip_ds6_route_next
                0x0000000000006d46        0xe contiki-sky.a(uip-ds6-route.o)
                0x0000000000006d46                uip_ds6_route_next
 .text.uip_ds6_route_lookup
                0x0000000000006d54       0x8c contiki-sky.a(uip-ds6-route.o)
                0x0000000000006d54                uip_ds6_route_lookup
 .text.uip_ds6_route_rm
                0x0000000000006de0       0xa4 contiki-sky.a(uip-ds6-route.o)
                0x0000000000006de0                uip_ds6_route_rm
 .text.rm_routelist
                0x0000000000006e84       0x34 contiki-sky.a(uip-ds6-route.o)
 .text.rm_routelist_callback
                0x0000000000006eb8        0x6 contiki-sky.a(uip-ds6-route.o)
 .text.uip_ds6_route_add
                0x0000000000006ebe      0x116 contiki-sky.a(uip-ds6-route.o)
                0x0000000000006ebe                uip_ds6_route_add
 .text.uip_ds6_defrt_rm
                0x0000000000006fd4       0x48 contiki-sky.a(uip-ds6-route.o)
                0x0000000000006fd4                uip_ds6_defrt_rm
 .text.uip_ds6_defrt_lookup
                0x000000000000701c       0x36 contiki-sky.a(uip-ds6-route.o)
                0x000000000000701c                uip_ds6_defrt_lookup
 .text.uip_ds6_defrt_add
                0x0000000000007052       0x74 contiki-sky.a(uip-ds6-route.o)
                0x0000000000007052                uip_ds6_defrt_add
 .text.uip_ds6_defrt_choose
                0x00000000000070c6       0x3a contiki-sky.a(uip-ds6-route.o)
                0x00000000000070c6                uip_ds6_defrt_choose
 .text.uip_ds6_defrt_periodic
                0x0000000000007100       0x38 contiki-sky.a(uip-ds6-route.o)
                0x0000000000007100                uip_ds6_defrt_periodic
 .text.chksum   0x0000000000007138       0x32 contiki-sky.a(uip6.o)
 .text.upper_layer_chksum
                0x000000000000716a       0x56 contiki-sky.a(uip6.o)
 .text.ext_hdr_options_process
                0x00000000000071c0       0xda contiki-sky.a(uip6.o)
 .text.uip_add32
                0x000000000000729a       0x68 contiki-sky.a(uip6.o)
                0x000000000000729a                uip_add32
 .text.unlikely.uip_add_rcv_nxt
                0x0000000000007302       0x2e contiki-sky.a(uip6.o)
 .text.uip_icmp6chksum
                0x0000000000007330        0xa contiki-sky.a(uip6.o)
                0x0000000000007330                uip_icmp6chksum
 .text.uip_tcpchksum
                0x000000000000733a        0xa contiki-sky.a(uip6.o)
                0x000000000000733a                uip_tcpchksum
 .text.uip_udpchksum
                0x0000000000007344        0xa contiki-sky.a(uip6.o)
                0x0000000000007344                uip_udpchksum
 .text.uip_init
                0x000000000000734e       0x7a contiki-sky.a(uip6.o)
                0x000000000000734e                uip_init
 .text.remove_ext_hdr
                0x00000000000073c8       0x56 contiki-sky.a(uip6.o)
                0x00000000000073c8                remove_ext_hdr
 .text.uip_udp_new
                0x000000000000741e       0xf4 contiki-sky.a(uip6.o)
                0x000000000000741e                uip_udp_new
 .text.uip_unlisten
                0x0000000000007512       0x2a contiki-sky.a(uip6.o)
                0x0000000000007512                uip_unlisten
 .text.uip_process
                0x000000000000753c      0xeaa contiki-sky.a(uip6.o)
                0x000000000000753c                uip_process
 .text.uip_htonl
                0x00000000000083e6       0x2e contiki-sky.a(uip6.o)
                0x00000000000083e6                uip_htonl
 .text.uip_ds6_nbr_rm
                0x0000000000008414       0x1a contiki-sky.a(uip-ds6-nbr.o)
                0x0000000000008414                uip_ds6_nbr_rm
 .text.uip_ds6_neighbors_init
                0x000000000000842e        0xe contiki-sky.a(uip-ds6-nbr.o)
                0x000000000000842e                uip_ds6_neighbors_init
 .text.uip_ds6_nbr_add
                0x000000000000843c       0x60 contiki-sky.a(uip-ds6-nbr.o)
                0x000000000000843c                uip_ds6_nbr_add
 .text.uip_ds6_nbr_get_ll
                0x000000000000849c        0xc contiki-sky.a(uip-ds6-nbr.o)
                0x000000000000849c                uip_ds6_nbr_get_ll
 .text.uip_ds6_nbr_lookup
                0x00000000000084a8       0x42 contiki-sky.a(uip-ds6-nbr.o)
                0x00000000000084a8                uip_ds6_nbr_lookup
 .text.uip_ds6_nbr_ll_lookup
                0x00000000000084ea        0xc contiki-sky.a(uip-ds6-nbr.o)
                0x00000000000084ea                uip_ds6_nbr_ll_lookup
 .text.uip_ds6_nbr_ipaddr_from_lladdr
                0x00000000000084f6        0x6 contiki-sky.a(uip-ds6-nbr.o)
                0x00000000000084f6                uip_ds6_nbr_ipaddr_from_lladdr
 .text.uip_ds6_nbr_lladdr_from_ipaddr
                0x00000000000084fc       0x12 contiki-sky.a(uip-ds6-nbr.o)
                0x00000000000084fc                uip_ds6_nbr_lladdr_from_ipaddr
 .text.uip_ds6_link_neighbor_callback
                0x000000000000850e       0x2a contiki-sky.a(uip-ds6-nbr.o)
                0x000000000000850e                uip_ds6_link_neighbor_callback
 .text.uip_ds6_neighbor_periodic
                0x0000000000008538       0x60 contiki-sky.a(uip-ds6-nbr.o)
                0x0000000000008538                uip_ds6_neighbor_periodic
 .text.uip_nd6_init
                0x0000000000008598        0x2 contiki-sky.a(uip-nd6.o)
                0x0000000000008598                uip_nd6_init
 .text.clear_fragments
                0x000000000000859a       0x42 contiki-sky.a(sicslowpan.o)
 .text.set_packet_attrs
                0x00000000000085dc       0x44 contiki-sky.a(sicslowpan.o)
 .text.addr_context_lookup_by_number
                0x0000000000008620       0x36 contiki-sky.a(sicslowpan.o)
 .text.compress_addr_64
                0x0000000000008656       0xae contiki-sky.a(sicslowpan.o)
 .text.store_fragment
                0x0000000000008704       0xc8 contiki-sky.a(sicslowpan.o)
 .text.add_fragment
                0x00000000000087cc      0x1ee contiki-sky.a(sicslowpan.o)
 .text.uncompress_addr
                0x00000000000089ba       0xb4 contiki-sky.a(sicslowpan.o)
 .text.input    0x0000000000008a6e      0x6e8 contiki-sky.a(sicslowpan.o)
 .text.sicslowpan_init
                0x0000000000009156       0x26 contiki-sky.a(sicslowpan.o)
                0x0000000000009156                sicslowpan_init
 .text.addr_context_lookup_by_prefix
                0x000000000000917c       0x4c contiki-sky.a(sicslowpan.o)
 .text.send_packet
                0x00000000000091c8       0x1a contiki-sky.a(sicslowpan.o)
 .text.output   0x00000000000091e2      0x6d6 contiki-sky.a(sicslowpan.o)
 .text.packet_sent
                0x00000000000098b8       0x22 contiki-sky.a(sicslowpan.o)
 .text.uip_debug_ipaddr_print
                0x00000000000098da       0xc6 contiki-sky.a(uip-debug.o)
                0x00000000000098da                uip_debug_ipaddr_print
 .text.uip_udp_packet_send
                0x00000000000099a0       0x2e contiki-sky.a(uip-udp-packet.)
                0x00000000000099a0                uip_udp_packet_send
 .text.start_periodic_tcp_timer
                0x00000000000099ce       0x16 contiki-sky.a(tcpip.o)
 .text.tcpip_output
                0x00000000000099e4       0x10 contiki-sky.a(tcpip.o)
                0x00000000000099e4                tcpip_output
 .text.tcpip_set_outputfunc
                0x00000000000099f4        0x6 contiki-sky.a(tcpip.o)
                0x00000000000099f4                tcpip_set_outputfunc
 .text.udp_new  0x00000000000099fa       0x1a contiki-sky.a(tcpip.o)
                0x00000000000099fa                udp_new
 .text.tcpip_input
                0x0000000000009a14       0x16 contiki-sky.a(tcpip.o)
                0x0000000000009a14                tcpip_input
 .text.tcpip_ipv6_output
                0x0000000000009a2a       0xcc contiki-sky.a(tcpip.o)
                0x0000000000009a2a                tcpip_ipv6_output
 .text.process_thread_tcpip_process
                0x0000000000009af6      0x1d0 contiki-sky.a(tcpip.o)
 .text.tcpip_uipcall
                0x0000000000009cc6       0x72 contiki-sky.a(tcpip.o)
                0x0000000000009cc6                tcpip_uipcall
 .text.lollipop_greater_than
                0x0000000000009d38       0x44 contiki-sky.a(rpl-dag.o)
 .text.acceptable_rank
                0x0000000000009d7c       0x50 contiki-sky.a(rpl-dag.o)
 .text.find_parent_any_dag_any_instance
                0x0000000000009dcc       0x14 contiki-sky.a(rpl-dag.o)
 .text.rpl_set_preferred_parent
                0x0000000000009de0       0x30 contiki-sky.a(rpl-dag.o)
 .text.set_ip_from_prefix
                0x0000000000009e10       0x38 contiki-sky.a(rpl-dag.o)
 .text.check_prefix
                0x0000000000009e48       0x80 contiki-sky.a(rpl-dag.o)
 .text.rpl_get_nbr
                0x0000000000009ec8       0x1e contiki-sky.a(rpl-dag.o)
                0x0000000000009ec8                rpl_get_nbr
 .text.rpl_dag_init
                0x0000000000009ee6        0xe contiki-sky.a(rpl-dag.o)
                0x0000000000009ee6                rpl_dag_init
 .text.rpl_get_parent
                0x0000000000009ef4        0xc contiki-sky.a(rpl-dag.o)
                0x0000000000009ef4                rpl_get_parent
 .text.rpl_get_parent_ipaddr
                0x0000000000009f00       0x10 contiki-sky.a(rpl-dag.o)
                0x0000000000009f00                rpl_get_parent_ipaddr
 .text.rpl_set_prefix
                0x0000000000009f10       0x8e contiki-sky.a(rpl-dag.o)
                0x0000000000009f10                rpl_set_prefix
 .text.rpl_set_default_route
                0x0000000000009f9e       0x5a contiki-sky.a(rpl-dag.o)
                0x0000000000009f9e                rpl_set_default_route
 .text.rpl_alloc_instance
                0x0000000000009ff8       0x34 contiki-sky.a(rpl-dag.o)
                0x0000000000009ff8                rpl_alloc_instance
 .text.rpl_add_parent
                0x000000000000a02c       0x56 contiki-sky.a(rpl-dag.o)
                0x000000000000a02c                rpl_add_parent
 .text.rpl_find_parent
                0x000000000000a082       0x18 contiki-sky.a(rpl-dag.o)
                0x000000000000a082                rpl_find_parent
 .text.rpl_find_parent_any_dag
                0x000000000000a09a       0x20 contiki-sky.a(rpl-dag.o)
                0x000000000000a09a                rpl_find_parent_any_dag
 .text.rpl_select_parent
                0x000000000000a0ba       0x7c contiki-sky.a(rpl-dag.o)
                0x000000000000a0ba                rpl_select_parent
 .text.rpl_select_dag
                0x000000000000a136      0x17c contiki-sky.a(rpl-dag.o)
                0x000000000000a136                rpl_select_dag
 .text.rpl_nullify_parent
                0x000000000000a2b2       0x52 contiki-sky.a(rpl-dag.o)
                0x000000000000a2b2                rpl_nullify_parent
 .text.rpl_remove_parent
                0x000000000000a304       0x16 contiki-sky.a(rpl-dag.o)
                0x000000000000a304                rpl_remove_parent
 .text.nbr_callback
                0x000000000000a31a        0x6 contiki-sky.a(rpl-dag.o)
 .text.remove_parents.constprop.2
                0x000000000000a320       0x30 contiki-sky.a(rpl-dag.o)
 .text.rpl_free_dag
                0x000000000000a350       0x36 contiki-sky.a(rpl-dag.o)
                0x000000000000a350                rpl_free_dag
 .text.rpl_move_parent
                0x000000000000a386       0x5a contiki-sky.a(rpl-dag.o)
                0x000000000000a386                rpl_move_parent
 .text.rpl_get_any_dag
                0x000000000000a3e0       0x18 contiki-sky.a(rpl-dag.o)
                0x000000000000a3e0                rpl_get_any_dag
 .text.rpl_get_instance
                0x000000000000a3f8       0x1a contiki-sky.a(rpl-dag.o)
                0x000000000000a3f8                rpl_get_instance
 .text.rpl_alloc_dag
                0x000000000000a412       0x60 contiki-sky.a(rpl-dag.o)
                0x000000000000a412                rpl_alloc_dag
 .text.rpl_repair_root
                0x000000000000a472       0x50 contiki-sky.a(rpl-dag.o)
                0x000000000000a472                rpl_repair_root
 .text.rpl_find_of
                0x000000000000a4c2       0x10 contiki-sky.a(rpl-dag.o)
                0x000000000000a4c2                rpl_find_of
 .text.rpl_join_instance
                0x000000000000a4d2      0x138 contiki-sky.a(rpl-dag.o)
                0x000000000000a4d2                rpl_join_instance
 .text.rpl_local_repair
                0x000000000000a60a       0x7a contiki-sky.a(rpl-dag.o)
                0x000000000000a60a                rpl_local_repair
 .text.rpl_process_parent_event
                0x000000000000a684       0x4c contiki-sky.a(rpl-dag.o)
                0x000000000000a684                rpl_process_parent_event
 .text.rpl_recalculate_ranks
                0x000000000000a6d0       0x46 contiki-sky.a(rpl-dag.o)
                0x000000000000a6d0                rpl_recalculate_ranks
 .text.rpl_add_dag
                0x000000000000a716      0x11a contiki-sky.a(rpl-dag.o)
                0x000000000000a716                rpl_add_dag
 .text.rpl_process_dio
                0x000000000000a830      0x312 contiki-sky.a(rpl-dag.o)
                0x000000000000a830                rpl_process_dio
 .text.new_dio_interval
                0x000000000000ab42       0x92 contiki-sky.a(rpl-timers.o)
 .text.handle_unicast_dio_timer
                0x000000000000abd4       0x1c contiki-sky.a(rpl-timers.o)
 .text.handle_periodic_timer
                0x000000000000abf0       0x32 contiki-sky.a(rpl-timers.o)
 .text.set_dao_lifetime_timer
                0x000000000000ac22       0x52 contiki-sky.a(rpl-timers.o)
 .text.schedule_dao
                0x000000000000ac74       0x82 contiki-sky.a(rpl-timers.o)
 .text.handle_dio_timer
                0x000000000000acf6       0x88 contiki-sky.a(rpl-timers.o)
 .text.handle_dao_timer
                0x000000000000ad7e       0x64 contiki-sky.a(rpl-timers.o)
 .text.rpl_reset_periodic_timer
                0x000000000000ade2       0x60 contiki-sky.a(rpl-timers.o)
                0x000000000000ade2                rpl_reset_periodic_timer
 .text.rpl_reset_dio_timer
                0x000000000000ae42       0x18 contiki-sky.a(rpl-timers.o)
                0x000000000000ae42                rpl_reset_dio_timer
 .text.rpl_schedule_dao
                0x000000000000ae5a        0xc contiki-sky.a(rpl-timers.o)
                0x000000000000ae5a                rpl_schedule_dao
 .text.rpl_schedule_unicast_dio_immediately
                0x000000000000ae66       0x16 contiki-sky.a(rpl-timers.o)
                0x000000000000ae66                rpl_schedule_unicast_dio_immediately
 .text.rpl_schedule_probing
                0x000000000000ae7c       0x3c contiki-sky.a(rpl-timers.o)
                0x000000000000ae7c                rpl_schedule_probing
 .text.handle_probing_timer
                0x000000000000aeb8      0x11a contiki-sky.a(rpl-timers.o)
 .text.rpl_verify_header
                0x000000000000afd2      0x112 contiki-sky.a(rpl-ext-header.)
                0x000000000000afd2                rpl_verify_header
 .text.rpl_update_header_empty
                0x000000000000b0e4      0x126 contiki-sky.a(rpl-ext-header.)
                0x000000000000b0e4                rpl_update_header_empty
 .text.rpl_update_header_final
                0x000000000000b20a       0x92 contiki-sky.a(rpl-ext-header.)
                0x000000000000b20a                rpl_update_header_final
 .text.rpl_invert_header
                0x000000000000b29c       0x7a contiki-sky.a(rpl-ext-header.)
                0x000000000000b29c                rpl_invert_header
 .text.rpl_insert_header
                0x000000000000b316       0x12 contiki-sky.a(rpl-ext-header.)
                0x000000000000b316                rpl_insert_header
 .text.rpl_get_mode
                0x000000000000b328        0x6 contiki-sky.a(rpl.o)
                0x000000000000b328                rpl_get_mode
 .text.rpl_purge_routes
                0x000000000000b32e       0x96 contiki-sky.a(rpl.o)
                0x000000000000b32e                rpl_purge_routes
 .text.rpl_remove_routes
                0x000000000000b3c4       0x22 contiki-sky.a(rpl.o)
                0x000000000000b3c4                rpl_remove_routes
 .text.rpl_remove_routes_by_nexthop
                0x000000000000b3e6       0x46 contiki-sky.a(rpl.o)
                0x000000000000b3e6                rpl_remove_routes_by_nexthop
 .text.rpl_add_route
                0x000000000000b42c       0x44 contiki-sky.a(rpl.o)
                0x000000000000b42c                rpl_add_route
 .text.rpl_link_neighbor_callback
                0x000000000000b470       0x7c contiki-sky.a(rpl.o)
                0x000000000000b470                rpl_link_neighbor_callback
 .text.rpl_ipv6_neighbor_callback
                0x000000000000b4ec       0x1e contiki-sky.a(rpl.o)
                0x000000000000b4ec                rpl_ipv6_neighbor_callback
 .text.rpl_purge_dags
                0x000000000000b50a       0x6e contiki-sky.a(rpl.o)
                0x000000000000b50a                rpl_purge_dags
 .text.rpl_init
                0x000000000000b578       0x4a contiki-sky.a(rpl.o)
                0x000000000000b578                rpl_init
 .text.reset    0x000000000000b5c2        0x2 contiki-sky.a(rpl-mrhof.o)
 .text.update_metric_container
                0x000000000000b5c4        0x6 contiki-sky.a(rpl-mrhof.o)
 .text.calculate_rank
                0x000000000000b5ca       0x3e contiki-sky.a(rpl-mrhof.o)
 .text.best_parent
                0x000000000000b608       0x72 contiki-sky.a(rpl-mrhof.o)
 .text.neighbor_link_callback
                0x000000000000b67a       0xa2 contiki-sky.a(rpl-mrhof.o)
 .text.best_dag
                0x000000000000b71c       0x34 contiki-sky.a(rpl-mrhof.o)
 .text.parse    0x000000000000b750       0xa6 contiki-sky.a(framer-802154.o)
 .text.create_frame.isra.0
                0x000000000000b7f6      0x118 contiki-sky.a(framer-802154.o)
 .text.create   0x000000000000b90e        0x8 contiki-sky.a(framer-802154.o)
 .text.hdr_length
                0x000000000000b916        0x8 contiki-sky.a(framer-802154.o)
 .text.input_packet
                0x000000000000b91e        0x6 contiki-sky.a(csma.o)
 .text.on       0x000000000000b924        0x6 contiki-sky.a(csma.o)
 .text.off      0x000000000000b92a        0x6 contiki-sky.a(csma.o)
 .text.channel_check_interval
                0x000000000000b930       0x10 contiki-sky.a(csma.o)
 .text.transmit_packet_list
                0x000000000000b940       0x24 contiki-sky.a(csma.o)
 .text.send_packet
                0x000000000000b964      0x17a contiki-sky.a(csma.o)
 .text.free_packet
                0x000000000000bade       0xa8 contiki-sky.a(csma.o)
 .text.packet_sent
                0x000000000000bb86      0x132 contiki-sky.a(csma.o)
 .text.init     0x000000000000bcb8       0x1a contiki-sky.a(csma.o)
 .text.queuebuf_init
                0x000000000000bcd2       0x12 contiki-sky.a(queuebuf.o)
                0x000000000000bcd2                queuebuf_init
 .text.queuebuf_numfree
                0x000000000000bce4        0xa contiki-sky.a(queuebuf.o)
                0x000000000000bce4                queuebuf_numfree
 .text.queuebuf_new_from_packetbuf
                0x000000000000bcee       0x52 contiki-sky.a(queuebuf.o)
                0x000000000000bcee                queuebuf_new_from_packetbuf
 .text.queuebuf_update_attr_from_packetbuf
                0x000000000000bd40       0x12 contiki-sky.a(queuebuf.o)
                0x000000000000bd40                queuebuf_update_attr_from_packetbuf
 .text.queuebuf_update_from_packetbuf
                0x000000000000bd52       0x22 contiki-sky.a(queuebuf.o)
                0x000000000000bd52                queuebuf_update_from_packetbuf
 .text.queuebuf_free
                0x000000000000bd74       0x2a contiki-sky.a(queuebuf.o)
                0x000000000000bd74                queuebuf_free
 .text.queuebuf_to_packetbuf
                0x000000000000bd9e       0x32 contiki-sky.a(queuebuf.o)
                0x000000000000bd9e                queuebuf_to_packetbuf
 .text.queuebuf_attr
                0x000000000000bdd0        0xe contiki-sky.a(queuebuf.o)
                0x000000000000bdd0                queuebuf_attr
 .text.index_from_key
                0x000000000000bdde       0x48 contiki-sky.a(nbr-table.o)
 .text.item_from_key
                0x000000000000be26       0x34 contiki-sky.a(nbr-table.o)
 .text.nbr_set_bit
                0x000000000000be5a       0x8e contiki-sky.a(nbr-table.o)
 .text.index_from_lladdr
                0x000000000000bee8       0x42 contiki-sky.a(nbr-table.o)
 .text.nbr_get_bit.constprop.0
                0x000000000000bf2a       0x62 contiki-sky.a(nbr-table.o)
 .text.nbr_table_register
                0x000000000000bf8c       0x28 contiki-sky.a(nbr-table.o)
                0x000000000000bf8c                nbr_table_register
 .text.nbr_table_next
                0x000000000000bfb4       0x90 contiki-sky.a(nbr-table.o)
                0x000000000000bfb4                nbr_table_next
 .text.nbr_table_head
                0x000000000000c044       0x36 contiki-sky.a(nbr-table.o)
                0x000000000000c044                nbr_table_head
 .text.nbr_table_add_lladdr
                0x000000000000c07a      0x144 contiki-sky.a(nbr-table.o)
                0x000000000000c07a                nbr_table_add_lladdr
 .text.nbr_table_get_from_lladdr
                0x000000000000c1be       0x48 contiki-sky.a(nbr-table.o)
                0x000000000000c1be                nbr_table_get_from_lladdr
 .text.nbr_table_remove
                0x000000000000c206       0x32 contiki-sky.a(nbr-table.o)
                0x000000000000c206                nbr_table_remove
 .text.nbr_table_lock
                0x000000000000c238       0x10 contiki-sky.a(nbr-table.o)
                0x000000000000c238                nbr_table_lock
 .text.nbr_table_unlock
                0x000000000000c248       0x10 contiki-sky.a(nbr-table.o)
                0x000000000000c248                nbr_table_unlock
 .text.nbr_table_get_lladdr
                0x000000000000c258       0x5a contiki-sky.a(nbr-table.o)
                0x000000000000c258                nbr_table_get_lladdr
 .text.packetbuf_copyto
                0x000000000000c2b2       0x52 contiki-sky.a(packetbuf.o)
                0x000000000000c2b2                packetbuf_copyto
 .text.packetbuf_hdrreduce
                0x000000000000c304       0x1a contiki-sky.a(packetbuf.o)
                0x000000000000c304                packetbuf_hdrreduce
 .text.packetbuf_set_datalen
                0x000000000000c31e        0x6 contiki-sky.a(packetbuf.o)
                0x000000000000c31e                packetbuf_set_datalen
 .text.packetbuf_dataptr
                0x000000000000c324        0xe contiki-sky.a(packetbuf.o)
                0x000000000000c324                packetbuf_dataptr
 .text.packetbuf_hdrptr
                0x000000000000c332        0xa contiki-sky.a(packetbuf.o)
                0x000000000000c332                packetbuf_hdrptr
 .text.packetbuf_datalen
                0x000000000000c33c        0x6 contiki-sky.a(packetbuf.o)
                0x000000000000c33c                packetbuf_datalen
 .text.packetbuf_hdrlen
                0x000000000000c342       0x10 contiki-sky.a(packetbuf.o)
                0x000000000000c342                packetbuf_hdrlen
 .text.packetbuf_totlen
                0x000000000000c352        0xc contiki-sky.a(packetbuf.o)
                0x000000000000c352                packetbuf_totlen
 .text.packetbuf_hdralloc
                0x000000000000c35e       0x2e contiki-sky.a(packetbuf.o)
                0x000000000000c35e                packetbuf_hdralloc
 .text.packetbuf_attr_clear
                0x000000000000c38c       0x28 contiki-sky.a(packetbuf.o)
                0x000000000000c38c                packetbuf_attr_clear
 .text.packetbuf_clear
                0x000000000000c3b4       0x1a contiki-sky.a(packetbuf.o)
                0x000000000000c3b4                packetbuf_clear
 .text.packetbuf_copyfrom
                0x000000000000c3ce       0x2e contiki-sky.a(packetbuf.o)
                0x000000000000c3ce                packetbuf_copyfrom
 .text.packetbuf_attr_copyto
                0x000000000000c3fc       0x22 contiki-sky.a(packetbuf.o)
                0x000000000000c3fc                packetbuf_attr_copyto
 .text.packetbuf_attr_copyfrom
                0x000000000000c41e       0x24 contiki-sky.a(packetbuf.o)
                0x000000000000c41e                packetbuf_attr_copyfrom
 .text.packetbuf_holds_broadcast
                0x000000000000c442        0xe contiki-sky.a(packetbuf.o)
                0x000000000000c442                packetbuf_holds_broadcast
 .text.linkaddr_copy
                0x000000000000c450        0x8 contiki-sky.a(linkaddr.o)
                0x000000000000c450                linkaddr_copy
 .text.linkaddr_cmp
                0x000000000000c458       0x12 contiki-sky.a(linkaddr.o)
                0x000000000000c458                linkaddr_cmp
 .text.linkaddr_set_node_addr
                0x000000000000c46a        0xc contiki-sky.a(linkaddr.o)
                0x000000000000c46a                linkaddr_set_node_addr
 .text.duty_cycle
                0x000000000000c476        0x6 contiki-sky.a(contikimac.o)
 .text.init     0x000000000000c47c       0x2a contiki-sky.a(contikimac.o)
 .text.on       0x000000000000c4a6       0x1a contiki-sky.a(contikimac.o)
 .text.off      0x000000000000c4c0       0x22 contiki-sky.a(contikimac.o)
 .text.recv_burst_off
                0x000000000000c4e2        0xa contiki-sky.a(contikimac.o)
 .text.turn_off
                0x000000000000c4ec       0x20 contiki-sky.a(contikimac.o)
 .text.turn_on  0x000000000000c50c       0x30 contiki-sky.a(contikimac.o)
 .text.schedule_powercycle_fixed.part.4
                0x000000000000c53c       0x32 contiki-sky.a(contikimac.o)
 .text.powercycle_turn_radio_off
                0x000000000000c56e       0x30 contiki-sky.a(contikimac.o)
 .text.powercycle_wrapper
                0x000000000000c59e      0x1c6 contiki-sky.a(contikimac.o)
 .text.input_packet
                0x000000000000c764       0xb2 contiki-sky.a(contikimac.o)
 .text.send_packet.isra.8
                0x000000000000c816      0x1ec contiki-sky.a(contikimac.o)
 .text.qsend_list
                0x000000000000ca02       0xc6 contiki-sky.a(contikimac.o)
 .text.qsend_packet
                0x000000000000cac8       0x28 contiki-sky.a(contikimac.o)
 .text.init     0x000000000000caf0        0x2 contiki-sky.a(nullsec.o)
 .text.send     0x000000000000caf2        0xa contiki-sky.a(nullsec.o)
 .text.input    0x000000000000cafc        0x6 contiki-sky.a(nullsec.o)
 .text.spi_init
                0x000000000000cb02       0x32 contiki-sky.a(spi.o)
                0x000000000000cb02                spi_init
 .text.stimer_set
                0x000000000000cb34       0x1c contiki-sky.a(stimer.o)
                0x000000000000cb34                stimer_set
 .text.stimer_expired
                0x000000000000cb50       0x30 contiki-sky.a(stimer.o)
                0x000000000000cb50                stimer_expired
 .text.compower_accumulate
                0x000000000000cb80       0x72 contiki-sky.a(compower.o)
                0x000000000000cb80                compower_accumulate
 .text.compower_clear
                0x000000000000cbf2       0x12 contiki-sky.a(compower.o)
                0x000000000000cbf2                compower_clear
 .text.compower_attrconv
                0x000000000000cc04       0x10 contiki-sky.a(compower.o)
                0x000000000000cc04                compower_attrconv
 .text.memb_init
                0x000000000000cc14       0x36 contiki-sky.a(memb.o)
                0x000000000000cc14                memb_init
 .text.memb_alloc
                0x000000000000cc4a       0x3e contiki-sky.a(memb.o)
                0x000000000000cc4a                memb_alloc
 .text.memb_free
                0x000000000000cc88       0x3a contiki-sky.a(memb.o)
                0x000000000000cc88                memb_free
 .text.memb_inmemb
                0x000000000000ccc2       0x2e contiki-sky.a(memb.o)
                0x000000000000ccc2                memb_inmemb
 .text.memb_numfree
                0x000000000000ccf0       0x26 contiki-sky.a(memb.o)
                0x000000000000ccf0                memb_numfree
 .text.echo_reply_input
                0x000000000000cd16      0x116 contiki-sky.a(uip-icmp6.o)
 .text.echo_request_input
                0x000000000000ce2c      0x12c contiki-sky.a(uip-icmp6.o)
 .text.uip_icmp6_input
                0x000000000000cf58       0x44 contiki-sky.a(uip-icmp6.o)
                0x000000000000cf58                uip_icmp6_input
 .text.uip_icmp6_register_input_handler
                0x000000000000cf9c        0xc contiki-sky.a(uip-icmp6.o)
                0x000000000000cf9c                uip_icmp6_register_input_handler
 .text.uip_icmp6_error_output
                0x000000000000cfa8      0x17e contiki-sky.a(uip-icmp6.o)
                0x000000000000cfa8                uip_icmp6_error_output
 .text.uip_icmp6_send
                0x000000000000d126       0x96 contiki-sky.a(uip-icmp6.o)
                0x000000000000d126                uip_icmp6_send
 .text.uip_icmp6_init
                0x000000000000d1bc       0x12 contiki-sky.a(uip-icmp6.o)
                0x000000000000d1bc                uip_icmp6_init
 .text.get32    0x000000000000d1ce       0x46 contiki-sky.a(rpl-icmp6.o)
 .text.set32    0x000000000000d214       0x2a contiki-sky.a(rpl-icmp6.o)
 .text.get16    0x000000000000d23e        0xe contiki-sky.a(rpl-icmp6.o)
 .text.set16    0x000000000000d24c       0x10 contiki-sky.a(rpl-icmp6.o)
 .text.dao_ack_input
                0x000000000000d25c        0xa contiki-sky.a(rpl-icmp6.o)
 .text.dio_input
                0x000000000000d266      0x2d6 contiki-sky.a(rpl-icmp6.o)
 .text.dis_output
                0x000000000000d53c       0x50 contiki-sky.a(rpl-icmp6.o)
                0x000000000000d53c                dis_output
 .text.dio_output
                0x000000000000d58c      0x268 contiki-sky.a(rpl-icmp6.o)
                0x000000000000d58c                dio_output
 .text.dis_input
                0x000000000000d7f4       0x2c contiki-sky.a(rpl-icmp6.o)
 .text.dao_output_target
                0x000000000000d820       0xe8 contiki-sky.a(rpl-icmp6.o)
                0x000000000000d820                dao_output_target
 .text.dao_output
                0x000000000000d908       0x80 contiki-sky.a(rpl-icmp6.o)
                0x000000000000d908                dao_output
 .text.dao_ack_output
                0x000000000000d988       0x32 contiki-sky.a(rpl-icmp6.o)
                0x000000000000d988                dao_ack_output
 .text.dao_input
                0x000000000000d9ba      0x25c contiki-sky.a(rpl-icmp6.o)
 .text.rpl_icmp6_register_handlers
                0x000000000000dc16       0x22 contiki-sky.a(rpl-icmp6.o)
                0x000000000000dc16                rpl_icmp6_register_handlers
 .text.mac_sequence_is_duplicate
                0x000000000000dc38       0x44 contiki-sky.a(mac-sequence.o)
                0x000000000000dc38                mac_sequence_is_duplicate
 .text.mac_sequence_register_seqno
                0x000000000000dc7c       0x76 contiki-sky.a(mac-sequence.o)
                0x000000000000dc7c                mac_sequence_register_seqno
 .text.frame802154_get_pan_id
                0x000000000000dcf2        0x6 contiki-sky.a(frame802154.o)
                0x000000000000dcf2                frame802154_get_pan_id
 .text.frame802154_has_panid
                0x000000000000dcf8       0x64 contiki-sky.a(frame802154.o)
                0x000000000000dcf8                frame802154_has_panid
 .text.field_len
                0x000000000000dd5c       0xb2 contiki-sky.a(frame802154.o)
 .text.frame802154_is_broadcast_addr
                0x000000000000de0e       0x24 contiki-sky.a(frame802154.o)
                0x000000000000de0e                frame802154_is_broadcast_addr
 .text.frame802154_hdrlen
                0x000000000000de32       0x32 contiki-sky.a(frame802154.o)
                0x000000000000de32                frame802154_hdrlen
 .text.frame802154_create
                0x000000000000de64      0x16a contiki-sky.a(frame802154.o)
                0x000000000000de64                frame802154_create
 .text.frame802154_parse
                0x000000000000dfce      0x226 contiki-sky.a(frame802154.o)
                0x000000000000dfce                frame802154_parse
 .text.mac_call_sent_callback
                0x000000000000e1f4       0x14 contiki-sky.a(mac.o)
                0x000000000000e1f4                mac_call_sent_callback
 .text.libgcc   0x000000000000e208       0x2c /usr/lib/gcc/msp430/4.6.3/mmpy-16/libgcc.a(_mulsi3.o)
                0x000000000000e208                __mulsi3
 .text.libgcc   0x000000000000e234       0x22 /usr/lib/gcc/msp430/4.6.3/mmpy-16/libgcc.a(_udivmod16.o)
                0x000000000000e234                __udivhi3
                0x000000000000e234                __ext_udivmod16
                0x000000000000e24e                __umodhi3
 .text.libgcc   0x000000000000e256       0x3a /usr/lib/gcc/msp430/4.6.3/mmpy-16/libgcc.a(_divmod16.o)
                0x000000000000e256                __ext_divmod16
                0x000000000000e256                __divhi3
                0x000000000000e288                __modhi3
 .text.libgcc   0x000000000000e290       0x40 /usr/lib/gcc/msp430/4.6.3/mmpy-16/libgcc.a(_udivmod32.o)
                0x000000000000e290                __udivsi3
                0x000000000000e290                __ext_udivmod32
                0x000000000000e2c6                __umodsi3
 .text          0x000000000000e2d0       0x20 /usr/lib/gcc/msp430/4.6.3/../../../../msp430/lib/mmpy-16/libc.a(memcmp.o)
                0x000000000000e2d0                memcmp
 .text          0x000000000000e2f0       0xfa /usr/lib/gcc/msp430/4.6.3/../../../../msp430/lib/mmpy-16/libc.a(memcpy.o)
                0x000000000000e2f0                memcpy
 .text          0x000000000000e3ea       0xfa /usr/lib/gcc/msp430/4.6.3/../../../../msp430/lib/mmpy-16/libc.a(memmove.o)
                0x000000000000e3ea                memmove
 .text          0x000000000000e4e4       0x6a /usr/lib/gcc/msp430/4.6.3/../../../../msp430/lib/mmpy-16/libc.a(memset.o)
                0x000000000000e4e4                memset
 .text          0x000000000000e54e       0x1e /usr/lib/gcc/msp430/4.6.3/../../../../msp430/lib/mmpy-16/libc.a(printf.o)
                0x000000000000e54e                printf
                0x000000000000e55e                vprintf
 .text          0x000000000000e56c       0xbc /usr/lib/gcc/msp430/4.6.3/../../../../msp430/lib/mmpy-16/libc.a(sprintf.o)
                0x000000000000e5ca                sprintf
                0x000000000000e5e6                snprintf
                0x000000000000e600                vsprintf
                0x000000000000e616                vsnprintf
 .text          0x000000000000e628      0x836 /usr/lib/gcc/msp430/4.6.3/../../../../msp430/lib/mmpy-16/libc.a(vuprintf.o)
                0x000000000000e7c0                vuprintf
 .text          0x000000000000ee5e       0x2c /usr/lib/gcc/msp430/4.6.3/../../../../msp430/lib/mmpy-16/libc.a(puts.o)
                0x000000000000ee5e                puts
 .text          0x000000000000ee8a       0x54 /usr/lib/gcc/msp430/4.6.3/../../../../msp430/lib/mmpy-16/libc.a(rand.o)
                0x000000000000ee8a                rand_r
                0x000000000000eeae                rand
                0x000000000000eed4                srand
 .text.libgcc   0x000000000000eede       0xf0 /usr/lib/gcc/msp430/4.6.3/mmpy-16/libgcc.a(_udivmod64.o)
                0x000000000000eede                __xabi_udivmod64
                0x000000000000ef3c                __udivdi3
                0x000000000000ef62                __umoddi3
                0x000000000000ef90                __udivmoddi4
 .text.crt0     0x000000000000efce        0x2 /usr/lib/gcc/msp430/4.6.3/mmpy-16/libcrt0.a(_unexpected_.o)
                0x000000000000efce                _unexpected_
                0x000000000000efd0                . = ALIGN (0x2)

.rodata         0x000000000000efd0      0x3ba
                0x000000000000efd0                . = ALIGN (0x2)
 *(.rodata .rodata.* .gnu.linkonce.r.*)
 .rodata        0x000000000000efd0      0x102 udp-client.co
                0x000000000000f0ba                autostart_processes
 .rodata        0x000000000000f0d2      0x12e obj_sky/contiki-sky-main.o
 .rodata        0x000000000000f200       0x10 contiki-sky.a(button-sensor.o)
                0x000000000000f208                button_sensor
 .rodata        0x000000000000f210        0x8 contiki-sky.a(sensors.o)
 .rodata        0x000000000000f218       0x70 contiki-sky.a(cc2420.o)
                0x000000000000f24a                cc2420_aes_128_driver
                0x000000000000f24e                cc2420_driver
 .rodata        0x000000000000f288        0xf contiki-sky.a(ctimer.o)
 .rodata        0x000000000000f297        0xc contiki-sky.a(etimer.o)
 *fill*         0x000000000000f2a3        0x1 00
 .rodata        0x000000000000f2a4       0x20 contiki-sky.a(uip6.o)
 .rodata        0x000000000000f2c4       0x24 contiki-sky.a(sicslowpan.o)
                0x000000000000f2d0                sicslowpan_driver
                0x000000000000f2d6                llprefix
                0x000000000000f2d8                unc_mxconf
                0x000000000000f2dc                unc_ctxconf
                0x000000000000f2e0                unc_llconf
 .rodata        0x000000000000f2e8       0x3c contiki-sky.a(uip-debug.o)
 .rodata        0x000000000000f324        0xd contiki-sky.a(tcpip.o)
 *fill*         0x000000000000f331        0x1 00
 .rodata        0x000000000000f332        0x6 contiki-sky.a(framer-802154.o)
                0x000000000000f332                framer_802154
 .rodata        0x000000000000f338       0x14 contiki-sky.a(csma.o)
                0x000000000000f33e                csma_driver
 .rodata        0x000000000000f34c        0x8 contiki-sky.a(linkaddr.o)
                0x000000000000f34c                linkaddr_null
 .rodata        0x000000000000f354       0x1c contiki-sky.a(contikimac.o)
                0x000000000000f360                contikimac_driver
 .rodata        0x000000000000f370       0x10 contiki-sky.a(nullsec.o)
                0x000000000000f378                nullsec_driver
 .rodata        0x000000000000f380        0x2 contiki-sky.a(frame802154.o)
 .rodata        0x000000000000f382        0x7 /usr/lib/gcc/msp430/4.6.3/../../../../msp430/lib/mmpy-16/libc.a(vuprintf.o)
                0x000000000000f38a                . = ALIGN (0x2)
 *fill*         0x000000000000f389        0x1 00
                0x000000000000f38a                _etext = .

.data           0x0000000000001100       0xe4 load address 0x000000000000f38a
                0x0000000000001100                . = ALIGN (0x2)
                0x0000000000001100                PROVIDE (__data_start, .)
 *(.data .data.* .gnu.linkonce.d.*)
 .data          0x0000000000001100        0xa udp-client.co
                0x0000000000001100                udp_client_process
 .data          0x000000000000110a        0x4 contiki-sky.a(contiki-sky-pla)
                0x000000000000110a                sensors
 .data          0x000000000000110e        0xa contiki-sky.a(sensors.o)
                0x000000000000110e                sensors_process
 .data          0x0000000000001118        0xc contiki-sky.a(cc2420.o)
                0x0000000000001118                cc2420_process
 .data          0x0000000000001124        0x2 contiki-sky.a(msp430.o)
 .data          0x0000000000001126        0xa contiki-sky.a(ctimer.o)
                0x0000000000001126                ctimer_process
 .data          0x0000000000001130        0xa contiki-sky.a(etimer.o)
                0x0000000000001130                etimer_process
 .data          0x000000000000113a       0x22 contiki-sky.a(uip-ds6-route.o)
                0x000000000000113a                nbr_routes
 .data          0x000000000000115c        0xa contiki-sky.a(uip-ds6-nbr.o)
                0x000000000000115c                ds6_neighbors
 .data          0x0000000000001166        0xa contiki-sky.a(tcpip.o)
                0x0000000000001166                tcpip_process
 .data          0x0000000000001170        0xa contiki-sky.a(rpl-dag.o)
                0x0000000000001170                rpl_parents
 .data          0x000000000000117a        0xe contiki-sky.a(rpl-mrhof.o)
                0x000000000000117a                rpl_mrhof
 .data          0x0000000000001188       0x18 contiki-sky.a(csma.o)
 .data          0x00000000000011a0       0x10 contiki-sky.a(queuebuf.o)
 .data          0x00000000000011b0        0x8 contiki-sky.a(nbr-table.o)
 .data          0x00000000000011b8        0xc contiki-sky.a(uip-icmp6.o)
 .data          0x00000000000011c4       0x1a contiki-sky.a(rpl-icmp6.o)
 .data          0x00000000000011de        0x2 contiki-sky.a(frame802154.o)
 .data          0x00000000000011e0        0x4 /usr/lib/gcc/msp430/4.6.3/../../../../msp430/lib/mmpy-16/libc.a(rand.o)
                0x00000000000011e4                . = ALIGN (0x2)
                0x00000000000011e4                _edata = .
                0x000000000000f38a                PROVIDE (__data_load_start, LOADADDR (.data))
                0x00000000000000e4                PROVIDE (__data_size, SIZEOF (.data))

.bss            0x00000000000011e4     0x1f0e load address 0x000000000000f46e
                0x00000000000011e4                PROVIDE (__bss_start, .)
 *(.bss .bss.*)
 .bss           0x00000000000011e4       0x36 udp-client.co
 .bss           0x000000000000121a        0xc obj_sky/contiki-sky-main.o
 .bss           0x0000000000001226        0x8 contiki-sky.a(button-sensor.o)
 .bss           0x000000000000122e        0x2 contiki-sky.a(node-id.o)
                0x000000000000122e                node_id
 .bss           0x0000000000001230        0x6 contiki-sky.a(sensors.o)
 .bss           0x0000000000001236        0xa contiki-sky.a(cc2420.o)
 .bss           0x0000000000001240       0x9a contiki-sky.a(uart1.o)
 .bss           0x00000000000012da        0xa contiki-sky.a(clock.o)
 .bss           0x00000000000012e4        0x1 contiki-sky.a(leds.o)
 *fill*         0x00000000000012e5        0x1 00
 .bss           0x00000000000012e6        0x2 contiki-sky.a(watchdog.o)
 .bss           0x00000000000012e8        0x4 contiki-sky.a(ctimer.o)
 .bss           0x00000000000012ec        0x6 contiki-sky.a(etimer.o)
 .bss           0x00000000000012f2       0x42 contiki-sky.a(process.o)
                0x00000000000012f2                process_current
                0x00000000000012f4                process_list
 .bss           0x0000000000001334        0x2 contiki-sky.a(rtimer.o)
 .bss           0x0000000000001336       0x18 contiki-sky.a(uip-ds6.o)
 .bss           0x000000000000134e      0x362 contiki-sky.a(uip-ds6-route.o)
 .bss           0x00000000000016b0       0x12 contiki-sky.a(uip6.o)
                0x00000000000016b0                uip_ext_opt_offset
                0x00000000000016b2                uip_ext_len
                0x00000000000016b4                uip_ext_bitmap
 .bss           0x00000000000016c2      0x2f8 contiki-sky.a(uip-ds6-nbr.o)
 .bss           0x00000000000019ba      0x6e6 contiki-sky.a(sicslowpan.o)
 .bss           0x00000000000020a0       0x36 contiki-sky.a(tcpip.o)
 .bss           0x00000000000020d6       0xc8 contiki-sky.a(rpl-dag.o)
 .bss           0x000000000000219e       0x18 contiki-sky.a(rpl-timers.o)
 .bss           0x00000000000021b6        0x2 contiki-sky.a(rpl.o)
 .bss           0x00000000000021b8        0x2 contiki-sky.a(framer-802154.o)
 .bss           0x00000000000021ba       0xc4 contiki-sky.a(csma.o)
 .bss           0x000000000000227e      0x5a0 contiki-sky.a(queuebuf.o)
 .bss           0x000000000000281e      0x118 contiki-sky.a(nbr-table.o)
 .bss           0x0000000000002936       0xb8 contiki-sky.a(packetbuf.o)
 .bss           0x00000000000029ee       0x32 contiki-sky.a(contikimac.o)
 .bss           0x0000000000002a20        0x8 contiki-sky.a(compower.o)
 .bss           0x0000000000002a28       0x14 contiki-sky.a(uip-icmp6.o)
 .bss           0x0000000000002a3c       0xa0 contiki-sky.a(mac-sequence.o)
 .bss           0x0000000000002adc        0x4 /usr/lib/gcc/msp430/4.6.3/../../../../msp430/lib/mmpy-16/libc.a(sprintf.o)
 *(COMMON)
 COMMON         0x0000000000002ae0        0x2 contiki-sky.a(contiki-sky-pla)
                0x0000000000002ae0                sensors_flags
 COMMON         0x0000000000002ae2        0x8 contiki-sky.a(ds2411.o)
                0x0000000000002ae2                ds2411_id
 COMMON         0x0000000000002aea        0x1 contiki-sky.a(sensors.o)
                0x0000000000002aea                sensors_event
 *fill*         0x0000000000002aeb        0x1 00
 COMMON         0x0000000000002aec       0x10 contiki-sky.a(cc2420.o)
                0x0000000000002aec                cc2420_last_rssi
                0x0000000000002aee                cc2420_sfd_start_time
                0x0000000000002af0                cc2420_time_of_departure
                0x0000000000002af2                cc2420_time_of_arrival
                0x0000000000002af4                cc2420_last_correlation
                0x0000000000002af6                cc2420_authority_level_of_sender
                0x0000000000002af8                cc2420_sfd_counter
                0x0000000000002afa                cc2420_sfd_end_time
 COMMON         0x0000000000002afc        0x2 contiki-sky.a(msp430.o)
                0x0000000000002afc                msp430_dco_required
 COMMON         0x0000000000002afe       0x56 contiki-sky.a(energest.o)
                0x0000000000002afe                energest_total_time
                0x0000000000002b2e                energest_total_count
                0x0000000000002b30                energest_current_mode
                0x0000000000002b3c                energest_current_time
 COMMON         0x0000000000002b54        0x1 contiki-sky.a(process.o)
                0x0000000000002b54                process_maxevents
 *fill*         0x0000000000002b55        0x1 00
 COMMON         0x0000000000002b56      0x15c contiki-sky.a(uip-ds6.o)
                0x0000000000002b56                uip_ds6_timer_ra
                0x0000000000002b5e                uip_ds6_if
                0x0000000000002c4a                uip_ds6_netif_addr_list_offset
                0x0000000000002c4b                uip_ds6_addr_size
                0x0000000000002c4c                uip_ds6_prefix_list
                0x0000000000002ca6                uip_ds6_timer_periodic
 COMMON         0x0000000000002cb2      0x304 contiki-sky.a(uip6.o)
                0x0000000000002cb2                uip_len
                0x0000000000002cb4                uip_sappdata
                0x0000000000002cb6                uip_acc32
                0x0000000000002cba                uip_lladdr
                0x0000000000002cc2                uip_aligned_buf
                0x0000000000002db2                uip_flags
                0x0000000000002db4                uip_next_hdr
                0x0000000000002db6                uip_udp_conn
                0x0000000000002db8                uip_appdata
                0x0000000000002dba                uip_conn
                0x0000000000002dbc                uip_conns
                0x0000000000002e6c                uip_listenports
                0x0000000000002e7c                uip_slen
                0x0000000000002e7e                uip_udp_conns
 COMMON         0x0000000000002fb6        0x1 contiki-sky.a(tcpip.o)
                0x0000000000002fb6                tcpip_event
 *fill*         0x0000000000002fb7        0x1 00
 COMMON         0x0000000000002fb8       0xfc contiki-sky.a(rpl-dag.o)
                0x0000000000002fb8                default_instance
                0x0000000000002fba                instance_table
 COMMON         0x00000000000030b4       0x2e contiki-sky.a(packetbuf.o)
                0x00000000000030b4                packetbuf_addrs
                0x00000000000030c4                packetbuf_attrs
 COMMON         0x00000000000030e2        0x8 contiki-sky.a(linkaddr.o)
                0x00000000000030e2                linkaddr_node_addr
 COMMON         0x00000000000030ea        0x8 contiki-sky.a(compower.o)
                0x00000000000030ea                compower_idle_activity
                0x00000000000030f2                . = ALIGN (0x2)
                0x00000000000030f2                PROVIDE (__bss_end, .)
                0x0000000000001f0e                PROVIDE (__bss_size, SIZEOF (.bss))

.noinit         0x00000000000030f2        0x2 load address 0x000000000000f46e
                0x00000000000030f2                PROVIDE (__noinit_start, .)
 *(.noinit .noinit.*)
 .noinit.crt0   0x00000000000030f2        0x2 /usr/lib/gcc/msp430/4.6.3/mmpy-16/libcrt0.a(__watchdog_support.o)
                0x00000000000030f2                __wdt_clear_value
                0x00000000000030f4                . = ALIGN (0x2)
                0x00000000000030f4                PROVIDE (__noinit_end, .)
                0x00000000000030f4                . = ALIGN (0x2)
                0x00000000000030f4                _end = .

.infomem        0x0000000000001000        0x0
 *(.infomem)
                0x0000000000001000                . = ALIGN (0x2)
 *(.infomem.*)

.infomemnobits  0x0000000000001000        0x0
 *(.infomemnobits)
                0x0000000000001000                . = ALIGN (0x2)
 *(.infomemnobits.*)

.infoa
 *(.infoa .infoa.*)

.infob
 *(.infob .infob.*)

.infoc
 *(.infoc .infoc.*)

.infod
 *(.infod .infod.*)

.vectors        0x000000000000ffe0       0x20
                0x000000000000ffe0                PROVIDE (__vectors_start, .)
 *(.vectors*)
 .vectors       0x000000000000ffe0       0x20 /usr/lib/gcc/msp430/4.6.3/mmpy-16/crt0ivtbl16.o
                0x000000000000ffe0                __ivtbl_16
                0x0000000000010000                _vectors_end = .

.fartext        0x0000000000000000        0x0
                0x0000000000000000                . = ALIGN (0x2)
 *(.fartext)
                0x0000000000000000                . = ALIGN (0x2)
 *(.fartext.*)
                0x0000000000000000                _efartext = .

.profiler
 *(.profiler)

.stab           0x0000000000000000    0x28a28
 *(.stab)
 .stab          0x0000000000000000     0x1ae8 udp-client.co
 .stab          0x0000000000001ae8     0x1314 obj_sky/contiki-sky-main.o
                                       0x1b0c (size before relaxing)
 .stab          0x0000000000002dfc      0x264 contiki-sky.a(contiki-sky-pla)
                                        0x5b8 (size before relaxing)
 .stab          0x0000000000003060      0x468 contiki-sky.a(button-sensor.o)
                                        0x7d4 (size before relaxing)
 .stab          0x00000000000034c8      0x624 contiki-sky.a(ds2411.o)
                                        0xb40 (size before relaxing)
 .stab          0x0000000000003aec      0xa38 contiki-sky.a(xmem.o)
                                        0xf60 (size before relaxing)
 .stab          0x0000000000004524      0x2b8 contiki-sky.a(node-id.o)
                                        0x4e0 (size before relaxing)
 .stab          0x00000000000047dc      0x654 contiki-sky.a(sensors.o)
                                        0xb70 (size before relaxing)
 .stab          0x0000000000004e30     0x28a4 contiki-sky.a(cc2420.o)
                                       0x2ff4 (size before relaxing)
 .stab          0x00000000000076d4      0x5ac contiki-sky.a(cc2420-arch.o)
                                       0x1728 (size before relaxing)
 .stab          0x0000000000007c80      0x60c contiki-sky.a(uart1.o)
                                        0x960 (size before relaxing)
 .stab          0x000000000000828c      0x27c contiki-sky.a(uart1-putchar.o)
                                        0x7bc (size before relaxing)
 .stab          0x0000000000008508      0x744 contiki-sky.a(msp430.o)
                                        0xa98 (size before relaxing)
 .stab          0x0000000000008c4c      0x948 contiki-sky.a(clock.o)
                                        0xc9c (size before relaxing)
 .stab          0x0000000000009594      0x5dc contiki-sky.a(leds.o)
                                        0x828 (size before relaxing)
 .stab          0x0000000000009b70      0x3a8 contiki-sky.a(leds-arch.o)
                                        0x6fc (size before relaxing)
 .stab          0x0000000000009f18      0x3fc contiki-sky.a(watchdog.o)
                                        0x750 (size before relaxing)
 .stab          0x000000000000a314      0x3cc contiki-sky.a(rtimer-arch.o)
                                        0x720 (size before relaxing)
 .stab          0x000000000000a6e0      0x294 contiki-sky.a(autostart.o)
                                        0x534 (size before relaxing)
 .stab          0x000000000000a974      0x474 contiki-sky.a(energest.o)
                                        0x6fc (size before relaxing)
 .stab          0x000000000000ade8      0x858 contiki-sky.a(ctimer.o)
                                        0xbc4 (size before relaxing)
 .stab          0x000000000000b640      0xabc contiki-sky.a(etimer.o)
                                        0xd8c (size before relaxing)
 .stab          0x000000000000c0fc      0xb7c contiki-sky.a(process.o)
                                       0x1014 (size before relaxing)
 .stab          0x000000000000cc78      0x3d8 contiki-sky.a(rtimer.o)
                                        0x6c0 (size before relaxing)
 .stab          0x000000000000d050      0x354 contiki-sky.a(timer.o)
                                        0x594 (size before relaxing)
 .stab          0x000000000000d3a4      0x7f8 contiki-sky.a(list.o)
                                        0x804 (size before relaxing)
 .stab          0x000000000000db9c      0x228 contiki-sky.a(random.o)
                                        0x624 (size before relaxing)
 .stab          0x000000000000ddc4     0x13e0 contiki-sky.a(uip-ds6.o)
                                       0x1f68 (size before relaxing)
 .stab          0x000000000000f1a4     0x1278 contiki-sky.a(uip-ds6-route.o)
                                       0x1df4 (size before relaxing)
 .stab          0x000000000001041c     0x2ba4 contiki-sky.a(uip6.o)
                                       0x375c (size before relaxing)
 .stab          0x0000000000012fc0      0xe1c contiki-sky.a(uip-ds6-nbr.o)
                                       0x1710 (size before relaxing)
 .stab          0x0000000000013ddc      0x57c contiki-sky.a(uip-nd6.o)
                                       0x114c (size before relaxing)
 .stab          0x0000000000014358     0x2370 contiki-sky.a(sicslowpan.o)
                                       0x32dc (size before relaxing)
 .stab          0x00000000000166c8      0x498 contiki-sky.a(uip-debug.o)
                                        0xc24 (size before relaxing)
 .stab          0x0000000000016b60      0x42c contiki-sky.a(uip-udp-packet.)
                                        0xc00 (size before relaxing)
 .stab          0x0000000000016f8c     0x13f8 contiki-sky.a(tcpip.o)
                                       0x2640 (size before relaxing)
 .stab          0x0000000000018384     0x2ef8 contiki-sky.a(rpl-dag.o)
                                       0x3bd0 (size before relaxing)
 .stab          0x000000000001b27c      0xd14 contiki-sky.a(rpl-timers.o)
                                       0x19f8 (size before relaxing)
 .stab          0x000000000001bf90      0xac8 contiki-sky.a(rpl-ext-header.)
                                       0x1884 (size before relaxing)
 .stab          0x000000000001ca58      0xb40 contiki-sky.a(rpl.o)
                                       0x1884 (size before relaxing)
 .stab          0x000000000001d598      0x8ac contiki-sky.a(rpl-mrhof.o)